Microchip Technology Inc, vv1_10 (A) 

Tool Name:
  /opt/microchip/xc16/v1.10/bin/bin/../bin/elf-ld

Command:
  -p33FJ256GP710A \
  -o \
  dist/default/production/RollPitchYaw-udb6.X.production.elf \
  -L/opt/microchip/xc16/v1.10/bin/bin/.. \
  -L/opt/microchip/xc16/v1.10/bin/bin/../../lib \
  -L/opt/microchip/xc16/v1.10/bin/bin/../../lib/PIC24E \
  -L/opt/microchip/xc16/v1.10/bin/bin/../../support/PIC24E/gld \
  -L/opt/microchip/xc16/v1.10/bin/bin/../../lib/PIC24F \
  -L/opt/microchip/xc16/v1.10/bin/bin/../../support/PIC24F/gld \
  -L/opt/microchip/xc16/v1.10/bin/bin/../../lib/PIC24H \
  -L/opt/microchip/xc16/v1.10/bin/bin/../../support/PIC24H/gld \
  -L/opt/microchip/xc16/v1.10/bin/bin/../../lib/dsPIC30F \
  -L/opt/microchip/xc16/v1.10/bin/bin/../../support/dsPIC30F/gld \
  -L/opt/microchip/xc16/v1.10/bin/bin/../../lib/dsPIC33E \
  -L/opt/microchip/xc16/v1.10/bin/bin/../../support/dsPIC33E/gld \
  -L/opt/microchip/xc16/v1.10/bin/bin/../../lib/dsPIC33F \
  -L/opt/microchip/xc16/v1.10/bin/bin/../../support/dsPIC33F/gld \
  build/default/production/_ext/1077471063/estWind.o \
  build/default/production/_ext/1077471063/estYawDrift.o \
  build/default/production/_ext/1077471063/gpsParseCommon.o \
  build/default/production/_ext/1077471063/gpsParseSTD.o \
  build/default/production/_ext/1077471063/gpsParseUBX.o \
  build/default/production/_ext/1077471063/mathlibNAV.o \
  build/default/production/_ext/1077471063/rmat.o \
  build/default/production/_ext/1077471063/libDCM.o \
  build/default/production/_ext/1077471063/deadReckoning.o \
  build/default/production/_ext/1077471063/estAltitude.o \
  build/default/production/_ext/1077471063/fbcl.o \
  build/default/production/_ext/1077471063/gpsParseMTEK.o \
  build/default/production/_ext/1077471063/gpsParseNMEA.o \
  build/default/production/_ext/1077454706/background.o \
  build/default/production/_ext/1077454706/libUDB.o \
  build/default/production/_ext/1077454706/analog2digital_udb4.o \
  build/default/production/_ext/1077454706/servoOut.o \
  build/default/production/_ext/1077454706/mpu6000.o \
  build/default/production/_ext/1077454706/analog2digital_udb5.o \
  build/default/production/_ext/1077454706/eeprom_udb4.o \
  build/default/production/_ext/1077454706/traps_asm.o \
  build/default/production/_ext/1077454706/magnetometer.o \
  build/default/production/_ext/1077454706/mcu.o \
  build/default/production/_ext/1077454706/radioIn.o \
  build/default/production/_ext/1077454706/serialIO.o \
  build/default/production/_ext/1077454706/mpu_spi.o \
  build/default/production/_ext/1077454706/analogs.o \
  build/default/production/_ext/1077454706/heartbeat.o \
  build/default/production/_ext/679848855/madd.o \
  build/default/production/_ext/679848855/mmul.o \
  build/default/production/_ext/679848855/mscl.o \
  build/default/production/_ext/679848855/msub.o \
  build/default/production/_ext/679848855/mtrp.o \
  build/default/production/_ext/679848855/vadd.o \
  build/default/production/_ext/679848855/vcon.o \
  build/default/production/_ext/679848855/vcopy.o \
  build/default/production/_ext/679848855/vcor.o \
  build/default/production/_ext/679848855/vdot.o \
  build/default/production/_ext/679848855/vmax.o \
  build/default/production/_ext/679848855/vmin.o \
  build/default/production/_ext/679848855/vmul.o \
  build/default/production/_ext/679848855/vneg.o \
  build/default/production/_ext/679848855/vpow.o \
  build/default/production/_ext/679848855/vscl.o \
  build/default/production/_ext/679848855/vsub.o \
  build/default/production/_ext/679848855/vzpad.o \
  build/default/production/_ext/1472/main.o \
  --defsym=__MPLAB_BUILD=1 \
  -Tp33FJ256GP710A.gld.00 \
  --heap=256 \
  --stack=16 \
  --check-sections \
  --data-init \
  --pack-data \
  --handles \
  --isr \
  --no-gc-sections \
  --fill-upper=0 \
  --stackguard=16 \
  --library-path=../C:/Program Files/Microchip/MPLAB C30/lib \
  --no-force-link \
  --smart-io \
  -Map=dist/default/production/RollPitchYaw-udb6.X.production.map \
  -start-group \
  --library=lega-pic30-elf \
  --library=m-elf \
  --library=lega-c-elf \
  -end-group \

Archive member included because of file (symbol)

/opt/microchip/xc16/v1.10/bin/bin/../../lib/dsPIC33F/libp33FJ256GP710A-elf.a(CloseSPI2.o)
                              build/default/production/_ext/1077454706/mpu_spi.o (_CloseSPI2)
/opt/microchip/xc16/v1.10/bin/bin/../../lib/dsPIC33F/libp33FJ256GP710A-elf.a(ConfigIntSPI2.o)
                              build/default/production/_ext/1077454706/mpu_spi.o (_ConfigIntSPI2)
/opt/microchip/xc16/v1.10/bin/bin/../../lib/dsPIC33F/libp33FJ256GP710A-elf.a(OpenSPI2.o)
                              build/default/production/_ext/1077454706/mpu_spi.o (_OpenSPI2)
/opt/microchip/xc16/v1.10/bin/bin/../../lib/liblega-pic30-elf.a(crt0_standard.o)
                              (__resetPRI)
/opt/microchip/xc16/v1.10/bin/bin/../../lib/liblega-pic30-elf.a(data_init_standard.o)
[...]
Memory Configuration

Name             Origin             Length             Attributes
data             0x000800           0x007800           a !xr
reset            0x000000           0x000004  
ivt              0x000004           0x0000fc  
_reserved        0x000100           0x000004  
aivt             0x000104           0x0000fc  
program          0x000200           0x02a9fe           xr
FBS              0xf80000           0x000002  
FSS              0xf80002           0x000002  
FGS              0xf80004           0x000002  
FOSCSEL          0xf80006           0x000002  
FOSC             0xf80008           0x000002  
FWDT             0xf8000a           0x000002  
FPOR             0xf8000c           0x000002  
FICD             0xf8000e           0x000002  
FUID0            0xf80010           0x000002  
FUID1            0xf80012           0x000002  
FUID2            0xf80014           0x000002  
FUID3            0xf80016           0x000002  
*default*        0x000000           0xffffffff  

Linker script and memory map

LOAD build/default/production/_ext/1077471063/estWind.o
LOAD build/default/production/_ext/1077471063/estYawDrift.o
LOAD build/default/production/_ext/1077471063/gpsParseCommon.o
LOAD build/default/production/_ext/1077471063/gpsParseSTD.o
LOAD build/default/production/_ext/1077471063/gpsParseUBX.o
LOAD build/default/production/_ext/1077471063/mathlibNAV.o
LOAD build/default/production/_ext/1077471063/rmat.o
LOAD build/default/production/_ext/1077471063/libDCM.o
LOAD build/default/production/_ext/1077471063/deadReckoning.o
LOAD build/default/production/_ext/1077471063/estAltitude.o
LOAD build/default/production/_ext/1077471063/fbcl.o
LOAD build/default/production/_ext/1077471063/gpsParseMTEK.o
LOAD build/default/production/_ext/1077471063/gpsParseNMEA.o
LOAD build/default/production/_ext/1077454706/background.o
LOAD build/default/production/_ext/1077454706/libUDB.o
LOAD build/default/production/_ext/1077454706/analog2digital_udb4.o
LOAD build/default/production/_ext/1077454706/servoOut.o
LOAD build/default/production/_ext/1077454706/mpu6000.o
LOAD build/default/production/_ext/1077454706/analog2digital_udb5.o
LOAD build/default/production/_ext/1077454706/eeprom_udb4.o
LOAD build/default/production/_ext/1077454706/traps_asm.o
LOAD build/default/production/_ext/1077454706/magnetometer.o
LOAD build/default/production/_ext/1077454706/mcu.o
LOAD build/default/production/_ext/1077454706/radioIn.o
LOAD build/default/production/_ext/1077454706/serialIO.o
LOAD build/default/production/_ext/1077454706/mpu_spi.o
LOAD build/default/production/_ext/1077454706/analogs.o
LOAD build/default/production/_ext/1077454706/heartbeat.o
LOAD build/default/production/_ext/679848855/madd.o
LOAD build/default/production/_ext/679848855/mmul.o
LOAD build/default/production/_ext/679848855/mscl.o
LOAD build/default/production/_ext/679848855/msub.o
LOAD build/default/production/_ext/679848855/mtrp.o
LOAD build/default/production/_ext/679848855/vadd.o
LOAD build/default/production/_ext/679848855/vcon.o
LOAD build/default/production/_ext/679848855/vcopy.o
LOAD build/default/production/_ext/679848855/vcor.o
LOAD build/default/production/_ext/679848855/vdot.o
LOAD build/default/production/_ext/679848855/vmax.o
LOAD build/default/production/_ext/679848855/vmin.o
LOAD build/default/production/_ext/679848855/vmul.o
LOAD build/default/production/_ext/679848855/vneg.o
LOAD build/default/production/_ext/679848855/vpow.o
LOAD build/default/production/_ext/679848855/vscl.o
LOAD build/default/production/_ext/679848855/vsub.o
LOAD build/default/production/_ext/679848855/vzpad.o
LOAD build/default/production/_ext/1472/main.o
                    0x0001                  __MPLAB_BUILD = 0x1
LOAD /opt/microchip/xc16/v1.10/bin/bin/../../lib/dsPIC33F/libp33FJ256GP710A-elf.a
                    0xf80000                  __FBS = 0xf80000
                    0xf80002                  __FSS = 0xf80002
                    0xf80004                  __FGS = 0xf80004
                    0xf80006                  __FOSCSEL = 0xf80006
                    0xf80008                  __FOSC = 0xf80008
                    0xf8000a                  __FWDT = 0xf8000a
                    0xf8000c                  __FPOR = 0xf8000c
                    0xf8000e                  __FICD = 0xf8000e
                    0xf80010                  __FUID0 = 0xf80010
                    0xf80012                  __FUID1 = 0xf80012
                    0xf80014                  __FUID2 = 0xf80014
                    0xf80016                  __FUID3 = 0xf80016
                    0x0004                  __IVT_BASE = 0x4
                    0x0104                  __AIVT_BASE = 0x104
                    0x0800                  __DATA_BASE = 0x800
                    0x7800                  __DATA_LENGTH = 0x7800
                    0x4800                  __YDATA_BASE = 0x4800
                    0x7800                  __DMA_BASE = 0x7800
                    0x7fff                  __DMA_END = 0x7fff
                    0x0200                  __CODE_BASE = 0x200
                    0x2aa00                  __CODE_LENGTH = 0x2aa00

.reset            0x000000          0x4
                  0x000000          0x2 SHORT 0x200 ABSOLUTE (__reset)
                  0x000001          0x2 SHORT 0x4
                  0x000002          0x2 SHORT 0x0 ((ABSOLUTE (__reset) >> 0x10) & 0x7f)
                  0x000003          0x2 SHORT 0x0

.text             0x000200       0x279e
 *(.init)
 .init            0x000200         0x32 /opt/microchip/xc16/v1.10/bin/bin/../../lib/liblega-pic30-elf.a(crt0_standard.o)
                  0x000200                  __reset
                  0x000200                  __resetPRI
                  0x000222                  __psv_init
 .init            0x000232         0x5e /opt/microchip/xc16/v1.10/bin/bin/../../lib/liblega-pic30-elf.a(data_init_standard.o)
                  0x000232                  __data_init
                  0x000232                  __data_init_standard
 *(.user_init)
 *(.handle)
 .handle          0x000290         0x40 jump_table
 *(.isr*)
 .isr             0x0002d0          0x4 default_isr
                  0x0002d0                  __DefaultInterrupt
 *(.libc)
 .libc            0x0002d4         0x2c /opt/microchip/xc16/v1.10/bin/bin/../../lib/liblega-c-elf.a(printf_cdnopuxX.XXeo)
                  0x0002d4                  printf_cdnopuxX.XXeo:_prout
                  0x0002f0                  __printf_cdnopuxX
 .libc            0x000300         0x2c /opt/microchip/xc16/v1.10/bin/bin/../../lib/liblega-c-elf.a(sprintf_cdfFnopsuxX.XXeo)
                  0x000300                  sprintf_cdfFnopsuxX.XXeo:_prout
                  0x00030e                  __sprintf_cdfFnopsuxX
 .libc            0x00032c        0x172 /opt/microchip/xc16/v1.10/bin/bin/../../lib/liblega-c-elf.a(xprintf_cdfFnopsuxX.XXeo)
                  0x00032c                  ___Printf_cdfFnopsuxX
                  0x00032c                  ___Printf_cdnopuxX
 .libc            0x00049e        0x2e8 /opt/microchip/xc16/v1.10/bin/bin/../../lib/liblega-c-elf.a(xputfld_cdfFnopsuxX.XXeo)
                  0x00049e                  ___Putfld_cdnopuxX
                  0x00049e                  ___Putfld_cdfFnopsuxX
 .libc            0x000786        0x274 /opt/microchip/xc16/v1.10/bin/bin/../../lib/liblega-c-elf.a(xldtob_cdfFnopsuxX.XXeo)
                  0x000786                  ___Ldtob_cdfFnopsuxX
 .libc            0x0009fa        0x208 /opt/microchip/xc16/v1.10/bin/bin/../../lib/liblega-c-elf.a(xgenld_cdfFnopsuxX.XXeo)
                  0x0009fa                  ___Genld_cdfFnopsuxX
 *(.libm)
 *(.libdsp)
 .libdsp          0x000c02          0x8 build/default/production/_ext/1077471063/fbcl.o
                  0x000c02                  _FindFirstBitChangeFromLeft
                  0x000c06                  _FindFirstBitFromLeft
 .libdsp          0x000c0a         0x40 build/default/production/_ext/679848855/madd.o
                  0x000c0a                  _MatrixAdd
 .libdsp          0x000c4a         0x7a build/default/production/_ext/679848855/mmul.o
                  0x000c4a                  _MatrixMultiply
 .libdsp          0x000cc4         0x3c build/default/production/_ext/679848855/mscl.o
                  0x000cc4                  _MatrixScale
 .libdsp          0x000d00         0x4e build/default/production/_ext/679848855/msub.o
                  0x000d00                  _MatrixSubtract
 .libdsp          0x000d4e         0x48 build/default/production/_ext/679848855/mtrp.o
                  0x000d4e                  _MatrixTranspose
 .libdsp          0x000d96         0x3e build/default/production/_ext/679848855/vadd.o
                  0x000d96                  _VectorAdd
 .libdsp          0x000dd4         0xf8 build/default/production/_ext/679848855/vcon.o
                  0x000dd4                  _VectorConvolve
 .libdsp          0x000ecc         0x10 build/default/production/_ext/679848855/vcopy.o
                  0x000ecc                  _VectorCopy
 .libdsp          0x000edc         0x30 build/default/production/_ext/679848855/vcor.o
                  0x000edc                  _VectorCorrelate
 .libdsp          0x000f0c         0x3a build/default/production/_ext/679848855/vdot.o
                  0x000f0c                  _VectorDotProduct
 .libdsp          0x000f46         0x1a build/default/production/_ext/679848855/vmax.o
                  0x000f46                  _VectorMax
 .libdsp          0x000f60         0x1a build/default/production/_ext/679848855/vmin.o
                  0x000f60                  _VectorMin
 .libdsp          0x000f7a         0x3c build/default/production/_ext/679848855/vmul.o
                  0x000f7a                  _VectorMultiply
 .libdsp          0x000fb6         0x40 build/default/production/_ext/679848855/vneg.o
                  0x000fb6                  _VectorNegate
 .libdsp          0x000ff6         0x38 build/default/production/_ext/679848855/vpow.o
                  0x000ff6                  _VectorPower
 .libdsp          0x00102e         0x3c build/default/production/_ext/679848855/vscl.o
                  0x00102e                  _VectorScale
 .libdsp          0x00106a         0x4c build/default/production/_ext/679848855/vsub.o
                  0x00106a                  _VectorSubtract
 .libdsp          0x0010b6         0x1e build/default/production/_ext/679848855/vzpad.o
                  0x0010b6                  _VectorZeroPad
 *(.lib*)
 .libperi         0x0010d4          0x8 /opt/microchip/xc16/v1.10/bin/bin/../../lib/dsPIC33F/libp33FJ256GP710A-elf.a(CloseSPI2.o)
                  0x0010d4                  _CloseSPI2
 .libperi         0x0010dc         0x22 /opt/microchip/xc16/v1.10/bin/bin/../../lib/dsPIC33F/libp33FJ256GP710A-elf.a(ConfigIntSPI2.o)
                  0x0010dc                  _ConfigIntSPI2
 .libperi         0x0010fe          0x8 /opt/microchip/xc16/v1.10/bin/bin/../../lib/dsPIC33F/libp33FJ256GP710A-elf.a(OpenSPI2.o)
                  0x0010fe                  _OpenSPI2
 .libm.subsf3     0x001106         0xbc /opt/microchip/xc16/v1.10/bin/bin/../../lib/libm-elf.a(addsf3.eo)
                  0x001106                  ___subsf3
                  0x001108                  ___addsf3
 .libm.divfs3     0x0011c2         0x84 /opt/microchip/xc16/v1.10/bin/bin/../../lib/libm-elf.a(divsf3.eo)
                  0x0011c2                  ___divsf3
 .libm.divsi3     0x001246         0x1e /opt/microchip/xc16/v1.10/bin/bin/../../lib/libm-elf.a(divsi3.eo)
                  0x001246                  ___divsi3
 .libm.floatsisf
                  0x001264         0x1c /opt/microchip/xc16/v1.10/bin/bin/../../lib/libm-elf.a(floatsisf.eo)
                  0x001264                  ___floatsisf
 .libm.floatunsisf
                  0x001280         0x40 /opt/microchip/xc16/v1.10/bin/bin/../../lib/libm-elf.a(floatunsisf.eo)
                  0x001280                  ___floatunsisf
 .libm.fpack      0x0012c0         0x4c /opt/microchip/xc16/v1.10/bin/bin/../../lib/libm-elf.a(fpack.eo)
                  0x0012c0                  __fpack
 .libm.funpack2
                  0x00130c         0x10 /opt/microchip/xc16/v1.10/bin/bin/../../lib/libm-elf.a(funpack2.eo)
                  0x00130c                  __funpack2
 .libm.fPropagateNaN
                  0x00131c         0x12 /opt/microchip/xc16/v1.10/bin/bin/../../lib/libm-elf.a(futil.eo)
                  0x00131c                  __fPropagateNaN
 .libm.fbobExit
                  0x00132e          0x8 /opt/microchip/xc16/v1.10/bin/bin/../../lib/libm-elf.a(futil.eo)
                  0x00132e                  __fbopExit
 .libm.fbopReturnNaN
                  0x001336          0x6 /opt/microchip/xc16/v1.10/bin/bin/../../lib/libm-elf.a(futil.eo)
                  0x001336                  __fbopReturnNaN
 .libm.modsi3     0x00133c         0x1e /opt/microchip/xc16/v1.10/bin/bin/../../lib/libm-elf.a(modsi3.eo)
                  0x00133c                  ___modsi3
 .libm.powf       0x00135a        0x1c6 /opt/microchip/xc16/v1.10/bin/bin/../../lib/libm-elf.a(powf.eo)
                  0x00135a                  _powf
 .libm.udivsi3    0x001520         0x20 /opt/microchip/xc16/v1.10/bin/bin/../../lib/libm-elf.a(udivsi3.eo)
                  0x001520                  ___udivsi3
 .libm.umodsi3    0x001540          0x6 /opt/microchip/xc16/v1.10/bin/bin/../../lib/libm-elf.a(umodsi3.eo)
                  0x001540                  ___umodsi3
 .libm.__PplusBdi.__PplusBdi
                  0x001546         0x28 /opt/microchip/xc16/v1.10/bin/bin/../../lib/libm-elf.a(divmoddi3.eo)
 .libm.__PminusBdi.__PminusBdi
                  0x00156e         0x30 /opt/microchip/xc16/v1.10/bin/bin/../../lib/libm-elf.a(divmoddi3.eo)
 .libm.__udivmoddi3.__udivmoddi3
                  0x00159e         0xc4 /opt/microchip/xc16/v1.10/bin/bin/../../lib/libm-elf.a(divmoddi3.eo)
                  0x00159e                  ___udivmoddi3
 .libm.__udivdi3.__udivdi3
                  0x001662          0xe /opt/microchip/xc16/v1.10/bin/bin/../../lib/libm-elf.a(divmoddi3.eo)
                  0x001662                  ___udivdi3
 .libm.__umoddi3.__umoddi3
                  0x001670          0x8 /opt/microchip/xc16/v1.10/bin/bin/../../lib/libm-elf.a(divmoddi3.eo)
                  0x001670                  ___umoddi3
 .libm.__divdi3.__divdi3
                  0x001678         0x66 /opt/microchip/xc16/v1.10/bin/bin/../../lib/libm-elf.a(divmoddi3.eo)
                  0x001678                  ___divdi3
 .libm.__moddi3.__moddi3
                  0x0016de         0x5c /opt/microchip/xc16/v1.10/bin/bin/../../lib/libm-elf.a(divmoddi3.eo)
                  0x0016de                  ___moddi3
 .libm.frexpf     0x00173a         0x1a /opt/microchip/xc16/v1.10/bin/bin/../../lib/libm-elf.a(_frexpf.eo)
                  0x00173a                  __frexpf
 .libm.expf       0x001754         0xc4 /opt/microchip/xc16/v1.10/bin/bin/../../lib/libm-elf.a(expf.eo)
                  0x001754                  _expf
 .libm.fchop      0x001818         0x4e /opt/microchip/xc16/v1.10/bin/bin/../../lib/libm-elf.a(fchop.eo)
                  0x001818                  __fchop
 .libm.eqsf2      0x001866          0x4 /opt/microchip/xc16/v1.10/bin/bin/../../lib/libm-elf.a(feqltle.eo)
                  0x001866                  ___lesf2
                  0x001866                  ___eqsf2
                  0x001866                  ___ltsf2
 .libm.gtsf2      0x00186a          0x4 /opt/microchip/xc16/v1.10/bin/bin/../../lib/libm-elf.a(fgtge.eo)
                  0x00186a                  ___gtsf2
                  0x00186a                  ___gesf2
 .libm.fixsfsi    0x00186e         0x42 /opt/microchip/xc16/v1.10/bin/bin/../../lib/libm-elf.a(fixsfsi.eo)
                  0x00186e                  _(float, int, long long, short, float, short, int)
 .libm.funpack    0x0018b0         0x2a /opt/microchip/xc16/v1.10/bin/bin/../../lib/libm-elf.a(funpack.eo)
                  0x0018b0                  __funpack
 .libm.ldexpf     0x0018da         0x44 /opt/microchip/xc16/v1.10/bin/bin/../../lib/libm-elf.a(ldexpf.eo)
                  0x0018da                  _ldexpf
 .libm.logf       0x00191e         0xae /opt/microchip/xc16/v1.10/bin/bin/../../lib/libm-elf.a(logf.eo)
                  0x00191e                  _logf
 .libm.mulsf3     0x0019cc         0x68 /opt/microchip/xc16/v1.10/bin/bin/../../lib/libm-elf.a(mulsf3.eo)
                  0x0019cc                  ___mulsf3
 .libm.fcompare
                  0x001a34         0x36 /opt/microchip/xc16/v1.10/bin/bin/../../lib/libm-elf.a(fcompare.eo)
                  0x001a34                  __fcompare
 .libc.memcpy.memcpy
                  0x001a6a          0xe /opt/microchip/xc16/v1.10/bin/bin/../../lib/liblega-c-elf.a(memcpy.XXeo)
                  0x001a6a                  _memcpy
 .libc.strlen.strlen
                  0x001a78         0x10 /opt/microchip/xc16/v1.10/bin/bin/../../lib/liblega-c-elf.a(strlen.XXeo)
                  0x001a78                  _strlen
 .libc.div.div    0x001a88         0x16 /opt/microchip/xc16/v1.10/bin/bin/../../lib/liblega-c-elf.a(div.XXeo)
                  0x001a88                  _div
 .libc.fwrite.fwrite
                  0x001a9e         0xa8 /opt/microchip/xc16/v1.10/bin/bin/../../lib/liblega-c-elf.a(fwrite.XXeo)
                  0x001a9e                  _fwrite
 .libc.ldiv.ldiv
                  0x001b46         0x2a /opt/microchip/xc16/v1.10/bin/bin/../../lib/liblega-c-elf.a(ldiv.XXeo)
                  0x001b46                  _ldiv
 .libc.memchr.memchr
                  0x001b70         0x12 /opt/microchip/xc16/v1.10/bin/bin/../../lib/liblega-c-elf.a(memchr.XXeo)
                  0x001b70                  _memchr
 .libc.strchr.strchr
                  0x001b82         0x12 /opt/microchip/xc16/v1.10/bin/bin/../../lib/liblega-c-elf.a(strchr.XXeo)
                  0x001b82                  _strchr
 .libc._Fwprep._Fwprep
                  0x001b94         0x8e /opt/microchip/xc16/v1.10/bin/bin/../../lib/liblega-c-elf.a(xfwprep.XXeo)
                  0x001b94                  __Fwprep
 .libc._LDunscale._LDunscale
                  0x001c22         0x54 /opt/microchip/xc16/v1.10/bin/bin/../../lib/liblega-c-elf.a(xldunsca.XXeo)
                  0x001c22                  __LDunscale
 .libc._Litob._Litob
                  0x001c76        0x28c /opt/microchip/xc16/v1.10/bin/bin/../../lib/liblega-c-elf.a(xlitob.XXeo)
                  0x001c76                  __Litob
 .libc._Puttxt._Puttxt
                  0x001f02        0x178 /opt/microchip/xc16/v1.10/bin/bin/../../lib/liblega-c-elf.a(xputtxt.XXeo)
                  0x001f02                  __Puttxt
 .libc._Vacopy._Vacopy
                  0x00207a          0x4 /opt/microchip/xc16/v1.10/bin/bin/../../lib/liblega-c-elf.a(xvacopy.XXeo)
                  0x00207a                  __Vacopy
 .libc.closeallreg.closeallreg
                  0x00207e          0x6 /opt/microchip/xc16/v1.10/bin/bin/../../lib/liblega-c-elf.a(fclose.XXelo)
 .libc._Closreg._Closreg
                  0x002084         0x14 /opt/microchip/xc16/v1.10/bin/bin/../../lib/liblega-c-elf.a(fclose.XXelo)
                  0x002084                  __Closreg
 .libc.fclose.fclose
                  0x002098         0x88 /opt/microchip/xc16/v1.10/bin/bin/../../lib/liblega-c-elf.a(fclose.XXelo)
                  0x002098                  _fclose
 .libc.closeall.closeall
                  0x002120         0x18 /opt/microchip/xc16/v1.10/bin/bin/../../lib/liblega-c-elf.a(fclose.XXelo)
                  0x002120                  fclose.XXelo:_closeall
 .libc._DNKfflush._DNKfflush
                  0x002138         0x7e /opt/microchip/xc16/v1.10/bin/bin/../../lib/liblega-c-elf.a(fflush.XXelo)
                  0x002138                  __DNKfflush
 .libc._Atexit._Atexit
                  0x0021b6         0x1c /opt/microchip/xc16/v1.10/bin/bin/../../lib/liblega-c-elf.a(xatexit.XXelo)
                  0x0021b6                  __Atexit
 .libc._Dnorm._Dnorm
                  0x0021d2         0x9a /opt/microchip/xc16/v1.10/bin/bin/../../lib/liblega-c-elf.a(xdnorm.XXelo)
                  0x0021d2                  __Dnorm
 .libc.free.free
                  0x00226c         0x64 /opt/microchip/xc16/v1.10/bin/bin/../../lib/liblega-c-elf.a(free.XXeo)
                  0x00226c                  _free
 .libc.findmem.findmem
                  0x0022d0         0x64 /opt/microchip/xc16/v1.10/bin/bin/../../lib/liblega-c-elf.a(malloc.XXeo)
 .libc.malloc.malloc
                  0x002334         0x54 /opt/microchip/xc16/v1.10/bin/bin/../../lib/liblega-c-elf.a(malloc.XXeo)
                  0x002334                  _malloc
 .libc._Getmem._Getmem
                  0x002388         0x14 /opt/microchip/xc16/v1.10/bin/bin/../../lib/liblega-c-elf.a(xgetmem.XXeo)
                  0x002388                  __Getmem
 .libc.doclose.doclose
                  0x00239c          0x4 /opt/microchip/xc16/v1.10/bin/bin/../../lib/liblega-pic30-elf.a(close.Leo)
 .libc.close      0x0023a0         0x12 /opt/microchip/xc16/v1.10/bin/bin/../../lib/liblega-pic30-elf.a(close.Leo)
                  0x0023a0                  _close
 .libc.dowrite.dowrite
                  0x0023b2          0x4 /opt/microchip/xc16/v1.10/bin/bin/../../lib/liblega-pic30-elf.a(write.Leo)
 .libc.write      0x0023b6         0x5e /opt/microchip/xc16/v1.10/bin/bin/../../lib/liblega-pic30-elf.a(write.Leo)
                  0x0023b6                  _write
 .libc.doremove.doremove
                  0x002414          0x4 /opt/microchip/xc16/v1.10/bin/bin/../../lib/liblega-pic30-elf.a(remove.Leo)
 .libc.remove     0x002418         0x12 /opt/microchip/xc16/v1.10/bin/bin/../../lib/liblega-pic30-elf.a(remove.Leo)
                  0x002418                  _remove
 .libc.sbrk       0x00242a         0x28 /opt/microchip/xc16/v1.10/bin/bin/../../lib/liblega-pic30-elf.a(sbrk.Leo)
                  0x00242a                  _sbrk
 .libc.brk        0x002452         0x1c /opt/microchip/xc16/v1.10/bin/bin/../../lib/liblega-pic30-elf.a(brk.Lelo)
                  0x002452                  _brk
 .libm.eqdf2      0x00246e          0xa /opt/microchip/xc16/v1.10/bin/bin/../../lib/libm-elf.a(deqltle.eo)
                  0x00246e                  ___ledf2
                  0x00246e                  ___eqdf2
                  0x00246e                  ___ltdf2
 .libm.gtdf2      0x002478          0xa /opt/microchip/xc16/v1.10/bin/bin/../../lib/libm-elf.a(dgtge.eo)
                  0x002478                  ___gedf2
                  0x002478                  ___gtdf2
 .libm.divdf3     0x002482         0xb4 /opt/microchip/xc16/v1.10/bin/bin/../../lib/libm-elf.a(divdf3.eo)
                  0x002482                  ___divdf3
 .libm.dpack      0x002536         0x58 /opt/microchip/xc16/v1.10/bin/bin/../../lib/libm-elf.a(dpack.eo)
                  0x002536                  __dpack
 .libm.dunpack2
                  0x00258e         0x32 /opt/microchip/xc16/v1.10/bin/bin/../../lib/libm-elf.a(dunpack2.eo)
                  0x00258e                  __dunpack2
                  0x0025b0                  __dreturnNaN
                  0x0025b6                  __dunpack2exit
 .libm.extendsfdf2
                  0x0025c0         0x3e /opt/microchip/xc16/v1.10/bin/bin/../../lib/libm-elf.a(extendsfdf.eo)
                  0x0025c0                  ___extendsfdf2
 .libm.fixdfsi    0x0025fe         0x58 /opt/microchip/xc16/v1.10/bin/bin/../../lib/libm-elf.a(fixdfsi.eo)
                  0x0025fe                  _(float, int, long long, double, float, short, int)
 .libm.floatsidf
                  0x002656          0x6 /opt/microchip/xc16/v1.10/bin/bin/../../lib/libm-elf.a(floatsidf.eo)
                  0x002656                  ___floatsidf
 .libm.muldf3     0x00265c         0xea /opt/microchip/xc16/v1.10/bin/bin/../../lib/libm-elf.a(muldf3.eo)
                  0x00265c                  ___muldf3
 .libm.subdf3     0x002746          0x4 /opt/microchip/xc16/v1.10/bin/bin/../../lib/libm-elf.a(subdf3.eo)
                  0x002746                  ___subdf3
 .libm.mulsi3     0x00274a          0xc /opt/microchip/xc16/v1.10/bin/bin/../../lib/libm-elf.a(mulsi3.eo)
                  0x00274a                  ___mulp32eds3
                  0x00274a                  ___mulp32peds3
                  0x00274a                  ___mulsi3
 .libm.adddf3     0x002756         0xfa /opt/microchip/xc16/v1.10/bin/bin/../../lib/libm-elf.a(adddf3.eo)
                  0x002756                  ___adddf3
 .libm.dcompare
                  0x002850         0x52 /opt/microchip/xc16/v1.10/bin/bin/../../lib/libm-elf.a(dcompare.eo)
                  0x002850                  __dcompare
 .libm.dPropagateNaN
                  0x0028a2         0x1c /opt/microchip/xc16/v1.10/bin/bin/../../lib/libm-elf.a(dpropagateNaN.eo)
                  0x0028a2                  __dPropagateNaN
 .libm.dtype      0x0028be         0x24 /opt/microchip/xc16/v1.10/bin/bin/../../lib/libm-elf.a(dtype.eo)
                  0x0028be                  __dtype
 .libm.dunpack    0x0028e2         0x4e /opt/microchip/xc16/v1.10/bin/bin/../../lib/libm-elf.a(dunpack.eo)
                  0x0028e2                  __dunpack
 .libm.floatdidf
                  0x002930         0x6e /opt/microchip/xc16/v1.10/bin/bin/../../lib/libm-elf.a(floatdidf.eo)
                  0x002930                  ___floatdidf

usercode
 *(usercode)

__FBS
 *(__FBS.sec*)

__FSS
 *(__FSS.sec*)

__FGS             0xf80004          0x2
 *(__FGS.sec*)
 __FGS.sec        0xf80004          0x2 FGS
                  0xf80004                  __FGS.sec

__FOSCSEL         0xf80006          0x2
 *(__FOSCSEL.sec*)
 __FOSCSEL.sec    0xf80006          0x2 build/default/production/_ext/1077454706/mcu.o

__FOSC            0xf80008          0x2
 *(__FOSC.sec*)
 __FOSC.sec       0xf80008          0x2 build/default/production/_ext/1077454706/mcu.o

__FWDT            0xf8000a          0x2
 *(__FWDT.sec*)
 __FWDT.sec       0xf8000a          0x2 build/default/production/_ext/1077454706/mcu.o

__FPOR            0xf8000c          0x2
 *(__FPOR.sec*)
 __FPOR.sec       0xf8000c          0x2 build/default/production/_ext/1077454706/mcu.o

__FICD            0xf8000e          0x2
 *(__FICD.sec*)
 __FICD.sec       0xf8000e          0x2 build/default/production/_ext/1077454706/mcu.o

__FUID0
 *(__FUID0.sec*)

__FUID1
 *(__FUID1.sec*)

__FUID2
 *(__FUID2.sec*)

__FUID3
 *(__FUID3.sec*)

.comment          0x000000         0x5e
 *(.comment)
 .comment         0x000000         0x5e /opt/microchip/xc16/v1.10/bin/bin/../../lib/liblega-c-elf.a(xfiles.XXeo)

.debug_info       0x000000      0x13989
 *(.debug_info)
 .debug_info      0x000000        0x6d1 build/default/production/_ext/1077471063/estWind.o
 .debug_info      0x0006d1        0x4b1 build/default/production/_ext/1077471063/estYawDrift.o
 .debug_info      0x000b82        0xec8 build/default/production/_ext/1077471063/gpsParseCommon.o
 .debug_info      0x001a4a        0x946 build/default/production/_ext/1077471063/gpsParseSTD.o
 .debug_info      0x002390        0x19d build/default/production/_ext/1077471063/gpsParseUBX.o
 .debug_info      0x00252d        0xa1e build/default/production/_ext/1077471063/mathlibNAV.o
 .debug_info      0x002f4b        0x8da build/default/production/_ext/1077471063/rmat.o
 .debug_info      0x003825        0x7c7 build/default/production/_ext/1077471063/libDCM.o
 .debug_info      0x003fec        0x72b build/default/production/_ext/1077471063/deadReckoning.o
 .debug_info      0x004717        0x460 build/default/production/_ext/1077471063/estAltitude.o
 .debug_info      0x004b77         0xdf build/default/production/_ext/1077471063/fbcl.o
 .debug_info      0x004c56        0x19e build/default/production/_ext/1077471063/gpsParseMTEK.o
 .debug_info      0x004df4        0x19e build/default/production/_ext/1077471063/gpsParseNMEA.o
 .debug_info      0x004f92       0x1981 build/default/production/_ext/1077454706/background.o
 .debug_info      0x006913        0x6b0 build/default/production/_ext/1077454706/libUDB.o
 .debug_info      0x006fc3        0x19c build/default/production/_ext/1077454706/analog2digital_udb4.o
 .debug_info      0x00715f       0x107b build/default/production/_ext/1077454706/servoOut.o
 .debug_info      0x0081da        0xc12 build/default/production/_ext/1077454706/mpu6000.o
 .debug_info      0x008dec       0x1b00 build/default/production/_ext/1077454706/analog2digital_udb5.o
 .debug_info      0x00a8ec        0x6d9 build/default/production/_ext/1077454706/eeprom_udb4.o
 .debug_info      0x00afc5         0xe4 build/default/production/_ext/1077454706/traps_asm.o
 .debug_info      0x00b0a9        0x274 build/default/production/_ext/1077454706/magnetometer.o
 .debug_info      0x00b31d        0xbb1 build/default/production/_ext/1077454706/mcu.o
 .debug_info      0x00bece       0x26b5 build/default/production/_ext/1077454706/radioIn.o
 .debug_info      0x00e583       0x1894 build/default/production/_ext/1077454706/serialIO.o
 .debug_info      0x00fe17        0xdb4 build/default/production/_ext/1077454706/mpu_spi.o
 .debug_info      0x010bcb        0x1da build/default/production/_ext/1077454706/analogs.o
 .debug_info      0x010da5        0x390 build/default/production/_ext/1077454706/heartbeat.o
 .debug_info      0x011135         0xe8 build/default/production/_ext/679848855/madd.o
 .debug_info      0x01121d         0xe8 build/default/production/_ext/679848855/mmul.o
 .debug_info      0x011305         0xe8 build/default/production/_ext/679848855/mscl.o
 .debug_info      0x0113ed         0xe8 build/default/production/_ext/679848855/msub.o
 .debug_info      0x0114d5         0xe8 build/default/production/_ext/679848855/mtrp.o
 .debug_info      0x0115bd         0xe8 build/default/production/_ext/679848855/vadd.o
 .debug_info      0x0116a5         0xe8 build/default/production/_ext/679848855/vcon.o
 .debug_info      0x01178d         0xe9 build/default/production/_ext/679848855/vcopy.o
 .debug_info      0x011876         0xe8 build/default/production/_ext/679848855/vcor.o
 .debug_info      0x01195e         0xe8 build/default/production/_ext/679848855/vdot.o
 .debug_info      0x011a46         0xe8 build/default/production/_ext/679848855/vmax.o
 .debug_info      0x011b2e         0xe8 build/default/production/_ext/679848855/vmin.o
 .debug_info      0x011c16         0xe8 build/default/production/_ext/679848855/vmul.o
 .debug_info      0x011cfe         0xe8 build/default/production/_ext/679848855/vneg.o
 .debug_info      0x011de6         0xe8 build/default/production/_ext/679848855/vpow.o
 .debug_info      0x011ece         0xe8 build/default/production/_ext/679848855/vscl.o
 .debug_info      0x011fb6         0xe8 build/default/production/_ext/679848855/vsub.o
 .debug_info      0x01209e         0xe9 build/default/production/_ext/679848855/vzpad.o
 .debug_info      0x012187       0x1802 build/default/production/_ext/1472/main.o
 *(.gnu.linkonce.wi.*)

.debug_abbrev     0x000000       0x1eb4
 *(.debug_abbrev)
 .debug_abbrev    0x000000         0xeb build/default/production/_ext/1077471063/estWind.o
 .debug_abbrev    0x0000eb         0xcf build/default/production/_ext/1077471063/estYawDrift.o
 .debug_abbrev    0x0001ba        0x1c5 build/default/production/_ext/1077471063/gpsParseCommon.o
 .debug_abbrev    0x00037f        0x18e build/default/production/_ext/1077471063/gpsParseSTD.o
 .debug_abbrev    0x00050d         0x1f build/default/production/_ext/1077471063/gpsParseUBX.o
 .debug_abbrev    0x00052c        0x182 build/default/production/_ext/1077471063/mathlibNAV.o
 .debug_abbrev    0x0006ae        0x17b build/default/production/_ext/1077471063/rmat.o
 .debug_abbrev    0x000829        0x16c build/default/production/_ext/1077471063/libDCM.o
 .debug_abbrev    0x000995         0xeb build/default/production/_ext/1077471063/deadReckoning.o
 .debug_abbrev    0x000a80         0xda build/default/production/_ext/1077471063/estAltitude.o
 .debug_abbrev    0x000b5a         0x14 build/default/production/_ext/1077471063/fbcl.o
 .debug_abbrev    0x000b6e         0x1f build/default/production/_ext/1077471063/gpsParseMTEK.o
 .debug_abbrev    0x000b8d         0x1f build/default/production/_ext/1077471063/gpsParseNMEA.o
 .debug_abbrev    0x000bac        0x156 build/default/production/_ext/1077454706/background.o
 .debug_abbrev    0x000d02        0x178 build/default/production/_ext/1077454706/libUDB.o
 .debug_abbrev    0x000e7a         0x1f build/default/production/_ext/1077454706/analog2digital_udb4.o
 .debug_abbrev    0x000e99        0x12e build/default/production/_ext/1077454706/servoOut.o
 .debug_abbrev    0x000fc7        0x13d build/default/production/_ext/1077454706/mpu6000.o
 .debug_abbrev    0x001104        0x199 build/default/production/_ext/1077454706/analog2digital_udb5.o
 .debug_abbrev    0x00129d        0x116 build/default/production/_ext/1077454706/eeprom_udb4.o
 .debug_abbrev    0x0013b3         0x14 build/default/production/_ext/1077454706/traps_asm.o
 .debug_abbrev    0x0013c7         0x4f build/default/production/_ext/1077454706/magnetometer.o
 .debug_abbrev    0x001416        0x131 build/default/production/_ext/1077454706/mcu.o
 .debug_abbrev    0x001547        0x1cf build/default/production/_ext/1077454706/radioIn.o
 .debug_abbrev    0x001716        0x153 build/default/production/_ext/1077454706/serialIO.o
 .debug_abbrev    0x001869        0x161 build/default/production/_ext/1077454706/mpu_spi.o
 .debug_abbrev    0x0019ca         0x34 build/default/production/_ext/1077454706/analogs.o
 .debug_abbrev    0x0019fe         0xf5 build/default/production/_ext/1077454706/heartbeat.o
 .debug_abbrev    0x001af3         0x14 build/default/production/_ext/679848855/madd.o
 .debug_abbrev    0x001b07         0x14 build/default/production/_ext/679848855/mmul.o
 .debug_abbrev    0x001b1b         0x14 build/default/production/_ext/679848855/mscl.o
 .debug_abbrev    0x001b2f         0x14 build/default/production/_ext/679848855/msub.o
 .debug_abbrev    0x001b43         0x14 build/default/production/_ext/679848855/mtrp.o
 .debug_abbrev    0x001b57         0x14 build/default/production/_ext/679848855/vadd.o
 .debug_abbrev    0x001b6b         0x14 build/default/production/_ext/679848855/vcon.o
 .debug_abbrev    0x001b7f         0x14 build/default/production/_ext/679848855/vcopy.o
 .debug_abbrev    0x001b93         0x14 build/default/production/_ext/679848855/vcor.o
 .debug_abbrev    0x001ba7         0x14 build/default/production/_ext/679848855/vdot.o
 .debug_abbrev    0x001bbb         0x14 build/default/production/_ext/679848855/vmax.o
 .debug_abbrev    0x001bcf         0x14 build/default/production/_ext/679848855/vmin.o
 .debug_abbrev    0x001be3         0x14 build/default/production/_ext/679848855/vmul.o
 .debug_abbrev    0x001bf7         0x14 build/default/production/_ext/679848855/vneg.o
 .debug_abbrev    0x001c0b         0x14 build/default/production/_ext/679848855/vpow.o
 .debug_abbrev    0x001c1f         0x14 build/default/production/_ext/679848855/vscl.o
 .debug_abbrev    0x001c33         0x14 build/default/production/_ext/679848855/vsub.o
 .debug_abbrev    0x001c47         0x14 build/default/production/_ext/679848855/vzpad.o
 .debug_abbrev    0x001c5b        0x259 build/default/production/_ext/1472/main.o

.debug_line       0x000000       0x5dcb
 *(.debug_line)
 .debug_line      0x000000        0x2e6 build/default/production/_ext/1077471063/estWind.o
 .debug_line      0x0002e6        0x1c7 build/default/production/_ext/1077471063/estYawDrift.o
 .debug_line      0x0004ad        0x624 build/default/production/_ext/1077471063/gpsParseCommon.o
 .debug_line      0x000ad1        0x43e build/default/production/_ext/1077471063/gpsParseSTD.o
 .debug_line      0x000f0f         0x24 build/default/production/_ext/1077471063/gpsParseUBX.o
 .debug_line      0x000f33        0x8ff build/default/production/_ext/1077471063/mathlibNAV.o
 .debug_line      0x001832        0x637 build/default/production/_ext/1077471063/rmat.o
 .debug_line      0x001e69        0x3a5 build/default/production/_ext/1077471063/libDCM.o
 .debug_line      0x00220e        0x356 build/default/production/_ext/1077471063/deadReckoning.o
 .debug_line      0x002564        0x17c build/default/production/_ext/1077471063/estAltitude.o
 .debug_line      0x0026e0         0x43 build/default/production/_ext/1077471063/fbcl.o
 .debug_line      0x002723         0x24 build/default/production/_ext/1077471063/gpsParseMTEK.o
 .debug_line      0x002747         0x24 build/default/production/_ext/1077471063/gpsParseNMEA.o
 .debug_line      0x00276b        0x400 build/default/production/_ext/1077454706/background.o
 .debug_line      0x002b6b        0x20f build/default/production/_ext/1077454706/libUDB.o
 .debug_line      0x002d7a         0x24 build/default/production/_ext/1077454706/analog2digital_udb4.o
 .debug_line      0x002d9e        0x319 build/default/production/_ext/1077454706/servoOut.o
 .debug_line      0x0030b7        0x2a4 build/default/production/_ext/1077454706/mpu6000.o
 .debug_line      0x00335b        0x3c7 build/default/production/_ext/1077454706/analog2digital_udb5.o
 .debug_line      0x003722        0x51a build/default/production/_ext/1077454706/eeprom_udb4.o
 .debug_line      0x003c3c         0x66 build/default/production/_ext/1077454706/traps_asm.o
 .debug_line      0x003ca2         0x86 build/default/production/_ext/1077454706/magnetometer.o
 .debug_line      0x003d28        0x209 build/default/production/_ext/1077454706/mcu.o
 .debug_line      0x003f31        0x30c build/default/production/_ext/1077454706/radioIn.o
 .debug_line      0x00423d        0x50c build/default/production/_ext/1077454706/serialIO.o
 .debug_line      0x004749        0x396 build/default/production/_ext/1077454706/mpu_spi.o
 .debug_line      0x004adf         0x72 build/default/production/_ext/1077454706/analogs.o
 .debug_line      0x004b51        0x1aa build/default/production/_ext/1077454706/heartbeat.o
 .debug_line      0x004cfb         0x69 build/default/production/_ext/679848855/madd.o
 .debug_line      0x004d64         0x83 build/default/production/_ext/679848855/mmul.o
 .debug_line      0x004de7         0x69 build/default/production/_ext/679848855/mscl.o
 .debug_line      0x004e50         0x6e build/default/production/_ext/679848855/msub.o
 .debug_line      0x004ebe         0x6b build/default/production/_ext/679848855/mtrp.o
 .debug_line      0x004f29         0x68 build/default/production/_ext/679848855/vadd.o
 .debug_line      0x004f91         0xc0 build/default/production/_ext/679848855/vcon.o
 .debug_line      0x005051         0x52 build/default/production/_ext/679848855/vcopy.o
 .debug_line      0x0050a3         0x61 build/default/production/_ext/679848855/vcor.o
 .debug_line      0x005104         0x68 build/default/production/_ext/679848855/vdot.o
 .debug_line      0x00516c         0x56 build/default/production/_ext/679848855/vmax.o
 .debug_line      0x0051c2         0x56 build/default/production/_ext/679848855/vmin.o
 .debug_line      0x005218         0x69 build/default/production/_ext/679848855/vmul.o
 .debug_line      0x005281         0x6b build/default/production/_ext/679848855/vneg.o
 .debug_line      0x0052ec         0x67 build/default/production/_ext/679848855/vpow.o
 .debug_line      0x005353         0x69 build/default/production/_ext/679848855/vscl.o
 .debug_line      0x0053bc         0x6d build/default/production/_ext/679848855/vsub.o
 .debug_line      0x005429         0x58 build/default/production/_ext/679848855/vzpad.o
 .debug_line      0x005481        0x94a build/default/production/_ext/1472/main.o

.debug_frame      0x000000        0xec0
 *(.debug_frame)
 .debug_frame     0x000000         0x24 build/default/production/_ext/1077471063/estWind.o
 .debug_frame     0x000024         0x34 build/default/production/_ext/1077471063/estYawDrift.o
 .debug_frame     0x000058         0xd4 build/default/production/_ext/1077471063/gpsParseCommon.o
 .debug_frame     0x00012c         0xe4 build/default/production/_ext/1077471063/gpsParseSTD.o
 .debug_frame     0x000210        0x144 build/default/production/_ext/1077471063/mathlibNAV.o
 .debug_frame     0x000354         0xc4 build/default/production/_ext/1077471063/rmat.o
 .debug_frame     0x000418         0x94 build/default/production/_ext/1077471063/libDCM.o
 .debug_frame     0x0004ac         0x24 build/default/production/_ext/1077471063/deadReckoning.o
 .debug_frame     0x0004d0         0x74 build/default/production/_ext/1077471063/estAltitude.o
 .debug_frame     0x000544         0xe4 build/default/production/_ext/1077454706/background.o
 .debug_frame     0x000628         0x54 build/default/production/_ext/1077454706/libUDB.o
 .debug_frame     0x00067c         0x54 build/default/production/_ext/1077454706/servoOut.o
 .debug_frame     0x0006d0         0xb4 build/default/production/_ext/1077454706/mpu6000.o
 .debug_frame     0x000784         0x34 build/default/production/_ext/1077454706/analog2digital_udb5.o
 .debug_frame     0x0007b8         0xd4 build/default/production/_ext/1077454706/eeprom_udb4.o
 .debug_frame     0x00088c         0x54 build/default/production/_ext/1077454706/mcu.o
 .debug_frame     0x0008e0         0xd4 build/default/production/_ext/1077454706/radioIn.o
 .debug_frame     0x0009b4         0xd4 build/default/production/_ext/1077454706/serialIO.o
 .debug_frame     0x000a88         0x74 build/default/production/_ext/1077454706/mpu_spi.o
 .debug_frame     0x000afc         0x34 build/default/production/_ext/1077454706/analogs.o
 .debug_frame     0x000b30         0x54 build/default/production/_ext/1077454706/heartbeat.o
 .debug_frame     0x000b84        0x33c build/default/production/_ext/1472/main.o

.debug_str        0x000000        0xe70
 *(.debug_str)
 .debug_str       0x000000         0x24 build/default/production/_ext/1077471063/estWind.o
 .debug_str       0x000024         0x5b build/default/production/_ext/1077471063/estYawDrift.o
 .debug_str       0x00007f        0x166 build/default/production/_ext/1077471063/gpsParseCommon.o
 .debug_str       0x0001e5         0xd8 build/default/production/_ext/1077471063/gpsParseSTD.o
 .debug_str       0x0002bd         0x6d build/default/production/_ext/1077471063/mathlibNAV.o
 .debug_str       0x00032a         0xbd build/default/production/_ext/1077471063/rmat.o
 .debug_str       0x0003e7         0x41 build/default/production/_ext/1077471063/libDCM.o
 .debug_str       0x000428        0x13e build/default/production/_ext/1077471063/deadReckoning.o
 .debug_str       0x000566         0xa2 build/default/production/_ext/1077471063/estAltitude.o
 .debug_str       0x000608         0x99 build/default/production/_ext/1077454706/background.o
 .debug_str       0x0006a1         0x53 build/default/production/_ext/1077454706/libUDB.o
 .debug_str       0x0006f4         0x5f build/default/production/_ext/1077454706/servoOut.o
 .debug_str       0x000753         0x9b build/default/production/_ext/1077454706/mpu6000.o
 .debug_str       0x0007ee        0x100 build/default/production/_ext/1077454706/analog2digital_udb5.o
 .debug_str       0x0008ee         0x2a build/default/production/_ext/1077454706/eeprom_udb4.o
 .debug_str       0x000918         0x70 build/default/production/_ext/1077454706/mcu.o
 .debug_str       0x000988        0x136 build/default/production/_ext/1077454706/radioIn.o
 .debug_str       0x000abe         0xa5 build/default/production/_ext/1077454706/serialIO.o
 .debug_str       0x000b63         0x53 build/default/production/_ext/1077454706/mpu_spi.o
 .debug_str       0x000bb6         0x38 build/default/production/_ext/1077454706/heartbeat.o
 .debug_str       0x000bee        0x282 build/default/production/_ext/1472/main.o

.debug_loc
 *(.debug_loc)

.debug_macinfo
 *(.debug_macinfo)

.debug_pubnames
                  0x000000       0x18a0
 *(.debug_pubnames)
 .debug_pubnames
                  0x000000         0x35 build/default/production/_ext/1077471063/estWind.o
 .debug_pubnames
                  0x000035         0x46 build/default/production/_ext/1077471063/estYawDrift.o
 .debug_pubnames
                  0x00007b        0x333 build/default/production/_ext/1077471063/gpsParseCommon.o
 .debug_pubnames
                  0x0003ae        0x16a build/default/production/_ext/1077471063/gpsParseSTD.o
 .debug_pubnames
                  0x000518        0x18a build/default/production/_ext/1077471063/mathlibNAV.o
 .debug_pubnames
                  0x0006a2        0x12b build/default/production/_ext/1077471063/rmat.o
 .debug_pubnames
                  0x0007cd         0xcc build/default/production/_ext/1077471063/libDCM.o
 .debug_pubnames
                  0x000899        0x161 build/default/production/_ext/1077471063/deadReckoning.o
 .debug_pubnames
                  0x0009fa        0x160 build/default/production/_ext/1077471063/estAltitude.o
 .debug_pubnames
                  0x000b5a         0xdb build/default/production/_ext/1077454706/background.o
 .debug_pubnames
                  0x000c35         0x6b build/default/production/_ext/1077454706/libUDB.o
 .debug_pubnames
                  0x000ca0         0x71 build/default/production/_ext/1077454706/servoOut.o
 .debug_pubnames
                  0x000d11        0x104 build/default/production/_ext/1077454706/mpu6000.o
 .debug_pubnames
                  0x000e15         0xa6 build/default/production/_ext/1077454706/analog2digital_udb5.o
 .debug_pubnames
                  0x000ebb         0x7e build/default/production/_ext/1077454706/eeprom_udb4.o
 .debug_pubnames
                  0x000f39         0x8c build/default/production/_ext/1077454706/magnetometer.o
 .debug_pubnames
                  0x000fc5         0xda build/default/production/_ext/1077454706/mcu.o
 .debug_pubnames
                  0x00109f        0x112 build/default/production/_ext/1077454706/radioIn.o
 .debug_pubnames
                  0x0011b1        0x121 build/default/production/_ext/1077454706/serialIO.o
 .debug_pubnames
                  0x0012d2         0x7e build/default/production/_ext/1077454706/mpu_spi.o
 .debug_pubnames
                  0x001350         0x46 build/default/production/_ext/1077454706/analogs.o
 .debug_pubnames
                  0x001396         0x71 build/default/production/_ext/1077454706/heartbeat.o
 .debug_pubnames
                  0x001407        0x499 build/default/production/_ext/1472/main.o

.debug_ranges
 *(.debug_ranges)

.debug_aranges    0x000000        0x3f0
 *(.debug_aranges)
 .debug_aranges
                  0x000000         0x18 build/default/production/_ext/1077471063/estWind.o
 .debug_aranges
                  0x000018         0x18 build/default/production/_ext/1077471063/estYawDrift.o
 .debug_aranges
                  0x000030         0x18 build/default/production/_ext/1077471063/gpsParseCommon.o
 .debug_aranges
                  0x000048         0x18 build/default/production/_ext/1077471063/gpsParseSTD.o
 .debug_aranges
                  0x000060         0x18 build/default/production/_ext/1077471063/mathlibNAV.o
 .debug_aranges
                  0x000078         0x18 build/default/production/_ext/1077471063/rmat.o
 .debug_aranges
                  0x000090         0x18 build/default/production/_ext/1077471063/libDCM.o
 .debug_aranges
                  0x0000a8         0x18 build/default/production/_ext/1077471063/deadReckoning.o
 .debug_aranges
                  0x0000c0         0x18 build/default/production/_ext/1077471063/estAltitude.o
 .debug_aranges
                  0x0000d8         0x18 build/default/production/_ext/1077471063/fbcl.o
 .debug_aranges
                  0x0000f0         0x18 build/default/production/_ext/1077454706/background.o
 .debug_aranges
                  0x000108         0x18 build/default/production/_ext/1077454706/libUDB.o
 .debug_aranges
                  0x000120         0x18 build/default/production/_ext/1077454706/servoOut.o
 .debug_aranges
                  0x000138         0x18 build/default/production/_ext/1077454706/mpu6000.o
 .debug_aranges
                  0x000150         0x18 build/default/production/_ext/1077454706/analog2digital_udb5.o
 .debug_aranges
                  0x000168         0x18 build/default/production/_ext/1077454706/eeprom_udb4.o
 .debug_aranges
                  0x000180         0x18 build/default/production/_ext/1077454706/traps_asm.o
 .debug_aranges
                  0x000198         0x18 build/default/production/_ext/1077454706/mcu.o
 .debug_aranges
                  0x0001b0         0x18 build/default/production/_ext/1077454706/radioIn.o
 .debug_aranges
                  0x0001c8         0x18 build/default/production/_ext/1077454706/serialIO.o
 .debug_aranges
                  0x0001e0         0x18 build/default/production/_ext/1077454706/mpu_spi.o
 .debug_aranges
                  0x0001f8         0x18 build/default/production/_ext/1077454706/analogs.o
 .debug_aranges
                  0x000210         0x18 build/default/production/_ext/1077454706/heartbeat.o
 .debug_aranges
                  0x000228         0x18 build/default/production/_ext/679848855/madd.o
 .debug_aranges
                  0x000240         0x18 build/default/production/_ext/679848855/mmul.o
 .debug_aranges
                  0x000258         0x18 build/default/production/_ext/679848855/mscl.o
 .debug_aranges
                  0x000270         0x18 build/default/production/_ext/679848855/msub.o
 .debug_aranges
                  0x000288         0x18 build/default/production/_ext/679848855/mtrp.o
 .debug_aranges
                  0x0002a0         0x18 build/default/production/_ext/679848855/vadd.o
 .debug_aranges
                  0x0002b8         0x18 build/default/production/_ext/679848855/vcon.o
 .debug_aranges
                  0x0002d0         0x18 build/default/production/_ext/679848855/vcopy.o
 .debug_aranges
                  0x0002e8         0x18 build/default/production/_ext/679848855/vcor.o
 .debug_aranges
                  0x000300         0x18 build/default/production/_ext/679848855/vdot.o
 .debug_aranges
                  0x000318         0x18 build/default/production/_ext/679848855/vmax.o
 .debug_aranges
                  0x000330         0x18 build/default/production/_ext/679848855/vmin.o
 .debug_aranges
                  0x000348         0x18 build/default/production/_ext/679848855/vmul.o
 .debug_aranges
                  0x000360         0x18 build/default/production/_ext/679848855/vneg.o
 .debug_aranges
                  0x000378         0x18 build/default/production/_ext/679848855/vpow.o
 .debug_aranges
                  0x000390         0x18 build/default/production/_ext/679848855/vscl.o
 .debug_aranges
                  0x0003a8         0x18 build/default/production/_ext/679848855/vsub.o
 .debug_aranges
                  0x0003c0         0x18 build/default/production/_ext/679848855/vzpad.o
 .debug_aranges
                  0x0003d8         0x18 build/default/production/_ext/1472/main.o

.ivt              0x000004         0xfc
                  0x000004          0x4 LONG 0x2d0 DEFINED (__ReservedTrap0)?ABSOLUTE (__ReservedTrap0):ABSOLUTE (__DefaultInterrupt)
                  0x000006          0x4 LONG 0x2d0 DEFINED (__OscillatorFail)?ABSOLUTE (__OscillatorFail):ABSOLUTE (__DefaultInterrupt)
                  0x000008          0x4 LONG 0x2d0 DEFINED (__AddressError)?ABSOLUTE (__AddressError):ABSOLUTE (__DefaultInterrupt)
                  0x00000a          0x4 LONG 0x2d0 DEFINED (__StackError)?ABSOLUTE (__StackError):ABSOLUTE (__DefaultInterrupt)
                  0x00000c          0x4 LONG 0x2d0 DEFINED (__MathError)?ABSOLUTE (__MathError):ABSOLUTE (__DefaultInterrupt)
                  0x00000e          0x4 LONG 0x2d0 DEFINED (__DMACError)?ABSOLUTE (__DMACError):ABSOLUTE (__DefaultInterrupt)
                  0x000010          0x4 LONG 0x2d0 DEFINED (__ReservedTrap6)?ABSOLUTE (__ReservedTrap6):ABSOLUTE (__DefaultInterrupt)
                  0x000012          0x4 LONG 0x2d0 DEFINED (__ReservedTrap7)?ABSOLUTE (__ReservedTrap7):ABSOLUTE (__DefaultInterrupt)
                  0x000014          0x4 LONG 0x2d0 DEFINED (__INT0Interrupt)?ABSOLUTE (__INT0Interrupt):ABSOLUTE (__DefaultInterrupt)
                  0x000016          0x4 LONG 0x49d0 DEFINED (__IC1Interrupt)?ABSOLUTE (__IC1Interrupt):ABSOLUTE (__DefaultInterrupt)
                  0x000018          0x4 LONG 0x2d0 DEFINED (__OC1Interrupt)?ABSOLUTE (__OC1Interrupt):ABSOLUTE (__DefaultInterrupt)
                  0x00001a          0x4 LONG 0x6274 DEFINED (__T1Interrupt)?ABSOLUTE (__T1Interrupt):ABSOLUTE (__DefaultInterrupt)
                  0x00001c          0x4 LONG 0x5724 DEFINED (__DMA0Interrupt)?ABSOLUTE (__DMA0Interrupt):ABSOLUTE (__DefaultInterrupt)
                  0x00001e          0x4 LONG 0x4a20 DEFINED (__IC2Interrupt)?ABSOLUTE (__IC2Interrupt):ABSOLUTE (__DefaultInterrupt)
                  0x000020          0x4 LONG 0x2d0 DEFINED (__OC2Interrupt)?ABSOLUTE (__OC2Interrupt):ABSOLUTE (__DefaultInterrupt)
                  0x000022          0x4 LONG 0x2d0 DEFINED (__T2Interrupt)?ABSOLUTE (__T2Interrupt):ABSOLUTE (__DefaultInterrupt)
                  0x000024          0x4 LONG 0x2d0 DEFINED (__T3Interrupt)?ABSOLUTE (__T3Interrupt):ABSOLUTE (__DefaultInterrupt)
                  0x000026          0x4 LONG 0x2d0 DEFINED (__SPI1ErrInterrupt)?ABSOLUTE (__SPI1ErrInterrupt):ABSOLUTE (__DefaultInterrupt)
                  0x000028          0x4 LONG 0x2d0 DEFINED (__SPI1Interrupt)?ABSOLUTE (__SPI1Interrupt):ABSOLUTE (__DefaultInterrupt)
                  0x00002a          0x4 LONG 0x54e8 DEFINED (__U1RXInterrupt)?ABSOLUTE (__U1RXInterrupt):ABSOLUTE (__DefaultInterrupt)
                  0x00002c          0x4 LONG 0x54b0 DEFINED (__U1TXInterrupt)?ABSOLUTE (__U1TXInterrupt):ABSOLUTE (__DefaultInterrupt)
                  0x00002e          0x4 LONG 0x2d0 DEFINED (__ADC1Interrupt)?ABSOLUTE (__ADC1Interrupt):ABSOLUTE (__DefaultInterrupt)
                  0x000030          0x4 LONG 0x2d0 DEFINED (__DMA1Interrupt)?ABSOLUTE (__DMA1Interrupt):ABSOLUTE (__DefaultInterrupt)
                  0x000032          0x4 LONG 0x2d0 DEFINED (__Interrupt15)?ABSOLUTE (__Interrupt15):ABSOLUTE (__DefaultInterrupt)
                  0x000034          0x4 LONG 0x2d0 DEFINED (__SI2C1Interrupt)?ABSOLUTE (__SI2C1Interrupt):ABSOLUTE (__DefaultInterrupt)
                  0x000036          0x4 LONG 0x2d0 DEFINED (__MI2C1Interrupt)?ABSOLUTE (__MI2C1Interrupt):ABSOLUTE (__DefaultInterrupt)
                  0x000038          0x4 LONG 0x2d0 DEFINED (__Interrupt18)?ABSOLUTE (__Interrupt18):ABSOLUTE (__DefaultInterrupt)
                  0x00003a          0x4 LONG 0x2d0 DEFINED (__CNInterrupt)?ABSOLUTE (__CNInterrupt):ABSOLUTE (__DefaultInterrupt)
                  0x00003c          0x4 LONG 0x2d0 DEFINED (__INT1Interrupt)?ABSOLUTE (__INT1Interrupt):ABSOLUTE (__DefaultInterrupt)
                  0x00003e          0x4 LONG 0x2d0 DEFINED (__ADC2Interrupt)?ABSOLUTE (__ADC2Interrupt):ABSOLUTE (__DefaultInterrupt)
                  0x000040          0x4 LONG 0x4bb0 DEFINED (__IC7Interrupt)?ABSOLUTE (__IC7Interrupt):ABSOLUTE (__DefaultInterrupt)
                  0x000042          0x4 LONG 0x2d0 DEFINED (__IC8Interrupt)?ABSOLUTE (__IC8Interrupt):ABSOLUTE (__DefaultInterrupt)
                  0x000044          0x4 LONG 0x2d0 DEFINED (__DMA2Interrupt)?ABSOLUTE (__DMA2Interrupt):ABSOLUTE (__DefaultInterrupt)
                  0x000046          0x4 LONG 0x2d0 DEFINED (__OC3Interrupt)?ABSOLUTE (__OC3Interrupt):ABSOLUTE (__DefaultInterrupt)
                  0x000048          0x4 LONG 0x2d0 DEFINED (__OC4Interrupt)?ABSOLUTE (__OC4Interrupt):ABSOLUTE (__DefaultInterrupt)
                  0x00004a          0x4 LONG 0x5d02 DEFINED (__T4Interrupt)?ABSOLUTE (__T4Interrupt):ABSOLUTE (__DefaultInterrupt)
                  0x00004c          0x4 LONG 0x629c DEFINED (__T5Interrupt)?ABSOLUTE (__T5Interrupt):ABSOLUTE (__DefaultInterrupt)
                  0x00004e          0x4 LONG 0x2d0 DEFINED (__INT2Interrupt)?ABSOLUTE (__INT2Interrupt):ABSOLUTE (__DefaultInterrupt)
                  0x000050          0x4 LONG 0x561c DEFINED (__U2RXInterrupt)?ABSOLUTE (__U2RXInterrupt):ABSOLUTE (__DefaultInterrupt)
                  0x000052          0x4 LONG 0x55e4 DEFINED (__U2TXInterrupt)?ABSOLUTE (__U2TXInterrupt):ABSOLUTE (__DefaultInterrupt)
                  0x000054          0x4 LONG 0x2d0 DEFINED (__SPI2ErrInterrupt)?ABSOLUTE (__SPI2ErrInterrupt):ABSOLUTE (__DefaultInterrupt)
                  0x000056          0x4 LONG 0x60d8 DEFINED (__SPI2Interrupt)?ABSOLUTE (__SPI2Interrupt):ABSOLUTE (__DefaultInterrupt)
                  0x000058          0x4 LONG 0x2d0 DEFINED (__C1RxRdyInterrupt)?ABSOLUTE (__C1RxRdyInterrupt):ABSOLUTE (__DefaultInterrupt)
                  0x00005a          0x4 LONG 0x2d0 DEFINED (__C1Interrupt)?ABSOLUTE (__C1Interrupt):ABSOLUTE (__DefaultInterrupt)
                  0x00005c          0x4 LONG 0x2d0 DEFINED (__DMA3Interrupt)?ABSOLUTE (__DMA3Interrupt):ABSOLUTE (__DefaultInterrupt)
                  0x00005e          0x4 LONG 0x4a70 DEFINED (__IC3Interrupt)?ABSOLUTE (__IC3Interrupt):ABSOLUTE (__DefaultInterrupt)
                  0x000060          0x4 LONG 0x4ac0 DEFINED (__IC4Interrupt)?ABSOLUTE (__IC4Interrupt):ABSOLUTE (__DefaultInterrupt)
                  0x000062          0x4 LONG 0x4b10 DEFINED (__IC5Interrupt)?ABSOLUTE (__IC5Interrupt):ABSOLUTE (__DefaultInterrupt)
                  0x000064          0x4 LONG 0x4b60 DEFINED (__IC6Interrupt)?ABSOLUTE (__IC6Interrupt):ABSOLUTE (__DefaultInterrupt)
                  0x000066          0x4 LONG 0x2d0 DEFINED (__OC5Interrupt)?ABSOLUTE (__OC5Interrupt):ABSOLUTE (__DefaultInterrupt)
                  0x000068          0x4 LONG 0x2d0 DEFINED (__OC6Interrupt)?ABSOLUTE (__OC6Interrupt):ABSOLUTE (__DefaultInterrupt)
                  0x00006a          0x4 LONG 0x2d0 DEFINED (__OC7Interrupt)?ABSOLUTE (__OC7Interrupt):ABSOLUTE (__DefaultInterrupt)
                  0x00006c          0x4 LONG 0x2d0 DEFINED (__OC8Interrupt)?ABSOLUTE (__OC8Interrupt):ABSOLUTE (__DefaultInterrupt)
                  0x00006e          0x4 LONG 0x2d0 DEFINED (__Interrupt45)?ABSOLUTE (__Interrupt45):ABSOLUTE (__DefaultInterrupt)
                  0x000070          0x4 LONG 0x2d0 DEFINED (__DMA4Interrupt)?ABSOLUTE (__DMA4Interrupt):ABSOLUTE (__DefaultInterrupt)
                  0x000072          0x4 LONG 0x62ba DEFINED (__T6Interrupt)?ABSOLUTE (__T6Interrupt):ABSOLUTE (__DefaultInterrupt)
                  0x000074          0x4 LONG 0x62f8 DEFINED (__T7Interrupt)?ABSOLUTE (__T7Interrupt):ABSOLUTE (__DefaultInterrupt)
                  0x000076          0x4 LONG 0x2d0 DEFINED (__SI2C2Interrupt)?ABSOLUTE (__SI2C2Interrupt):ABSOLUTE (__DefaultInterrupt)
                  0x000078          0x4 LONG 0x2d0 DEFINED (__MI2C2Interrupt)?ABSOLUTE (__MI2C2Interrupt):ABSOLUTE (__DefaultInterrupt)
                  0x00007a          0x4 LONG 0x2d0 DEFINED (__T8Interrupt)?ABSOLUTE (__T8Interrupt):ABSOLUTE (__DefaultInterrupt)
                  0x00007c          0x4 LONG 0x2d0 DEFINED (__T9Interrupt)?ABSOLUTE (__T9Interrupt):ABSOLUTE (__DefaultInterrupt)
                  0x00007e          0x4 LONG 0x64de DEFINED (__INT3Interrupt)?ABSOLUTE (__INT3Interrupt):ABSOLUTE (__DefaultInterrupt)
                  0x000080          0x4 LONG 0x2d0 DEFINED (__INT4Interrupt)?ABSOLUTE (__INT4Interrupt):ABSOLUTE (__DefaultInterrupt)
                  0x000082          0x4 LONG 0x2d0 DEFINED (__C2RxRdyInterrupt)?ABSOLUTE (__C2RxRdyInterrupt):ABSOLUTE (__DefaultInterrupt)
                  0x000084          0x4 LONG 0x2d0 DEFINED (__C2Interrupt)?ABSOLUTE (__C2Interrupt):ABSOLUTE (__DefaultInterrupt)
                  0x000086          0x4 LONG 0x2d0 DEFINED (__Interrupt57)?ABSOLUTE (__Interrupt57):ABSOLUTE (__DefaultInterrupt)
                  0x000088          0x4 LONG 0x2d0 DEFINED (__Interrupt58)?ABSOLUTE (__Interrupt58):ABSOLUTE (__DefaultInterrupt)
                  0x00008a          0x4 LONG 0x2d0 DEFINED (__DCIErrInterrupt)?ABSOLUTE (__DCIErrInterrupt):ABSOLUTE (__DefaultInterrupt)
                  0x00008c          0x4 LONG 0x2d0 DEFINED (__DCIInterrupt)?ABSOLUTE (__DCIInterrupt):ABSOLUTE (__DefaultInterrupt)
                  0x00008e          0x4 LONG 0x2d0 DEFINED (__DMA5Interrupt)?ABSOLUTE (__DMA5Interrupt):ABSOLUTE (__DefaultInterrupt)
                  0x000090          0x4 LONG 0x2d0 DEFINED (__Interrupt62)?ABSOLUTE (__Interrupt62):ABSOLUTE (__DefaultInterrupt)
                  0x000092          0x4 LONG 0x2d0 DEFINED (__Interrupt63)?ABSOLUTE (__Interrupt63):ABSOLUTE (__DefaultInterrupt)
                  0x000094          0x4 LONG 0x2d0 DEFINED (__Interrupt64)?ABSOLUTE (__Interrupt64):ABSOLUTE (__DefaultInterrupt)
                  0x000096          0x4 LONG 0x2d0 DEFINED (__U1ErrInterrupt)?ABSOLUTE (__U1ErrInterrupt):ABSOLUTE (__DefaultInterrupt)
                  0x000098          0x4 LONG 0x2d0 DEFINED (__U2ErrInterrupt)?ABSOLUTE (__U2ErrInterrupt):ABSOLUTE (__DefaultInterrupt)
                  0x00009a          0x4 LONG 0x2d0 DEFINED (__Interrupt67)?ABSOLUTE (__Interrupt67):ABSOLUTE (__DefaultInterrupt)
                  0x00009c          0x4 LONG 0x2d0 DEFINED (__DMA6Interrupt)?ABSOLUTE (__DMA6Interrupt):ABSOLUTE (__DefaultInterrupt)
                  0x00009e          0x4 LONG 0x2d0 DEFINED (__DMA7Interrupt)?ABSOLUTE (__DMA7Interrupt):ABSOLUTE (__DefaultInterrupt)
                  0x0000a0          0x4 LONG 0x2d0 DEFINED (__C1TxReqInterrupt)?ABSOLUTE (__C1TxReqInterrupt):ABSOLUTE (__DefaultInterrupt)
                  0x0000a2          0x4 LONG 0x2d0 DEFINED (__C2TxReqInterrupt)?ABSOLUTE (__C2TxReqInterrupt):ABSOLUTE (__DefaultInterrupt)
                  0x0000a4          0x4 LONG 0x2d0 DEFINED (__Interrupt72)?ABSOLUTE (__Interrupt72):ABSOLUTE (__DefaultInterrupt)
                  0x0000a6          0x4 LONG 0x2d0 DEFINED (__Interrupt73)?ABSOLUTE (__Interrupt73):ABSOLUTE (__DefaultInterrupt)
                  0x0000a8          0x4 LONG 0x2d0 DEFINED (__Interrupt74)?ABSOLUTE (__Interrupt74):ABSOLUTE (__DefaultInterrupt)
                  0x0000aa          0x4 LONG 0x2d0 DEFINED (__Interrupt75)?ABSOLUTE (__Interrupt75):ABSOLUTE (__DefaultInterrupt)
                  0x0000ac          0x4 LONG 0x2d0 DEFINED (__Interrupt76)?ABSOLUTE (__Interrupt76):ABSOLUTE (__DefaultInterrupt)
                  0x0000ae          0x4 LONG 0x2d0 DEFINED (__Interrupt77)?ABSOLUTE (__Interrupt77):ABSOLUTE (__DefaultInterrupt)
                  0x0000b0          0x4 LONG 0x2d0 DEFINED (__Interrupt78)?ABSOLUTE (__Interrupt78):ABSOLUTE (__DefaultInterrupt)
                  0x0000b2          0x4 LONG 0x2d0 DEFINED (__Interrupt79)?ABSOLUTE (__Interrupt79):ABSOLUTE (__DefaultInterrupt)
                  0x0000b4          0x4 LONG 0x2d0 DEFINED (__Interrupt80)?ABSOLUTE (__Interrupt80):ABSOLUTE (__DefaultInterrupt)
                  0x0000b6          0x4 LONG 0x2d0 DEFINED (__Interrupt81)?ABSOLUTE (__Interrupt81):ABSOLUTE (__DefaultInterrupt)
                  0x0000b8          0x4 LONG 0x2d0 DEFINED (__Interrupt82)?ABSOLUTE (__Interrupt82):ABSOLUTE (__DefaultInterrupt)
                  0x0000ba          0x4 LONG 0x2d0 DEFINED (__Interrupt83)?ABSOLUTE (__Interrupt83):ABSOLUTE (__DefaultInterrupt)
                  0x0000bc          0x4 LONG 0x2d0 DEFINED (__Interrupt84)?ABSOLUTE (__Interrupt84):ABSOLUTE (__DefaultInterrupt)
                  0x0000be          0x4 LONG 0x2d0 DEFINED (__Interrupt85)?ABSOLUTE (__Interrupt85):ABSOLUTE (__DefaultInterrupt)
                  0x0000c0          0x4 LONG 0x2d0 DEFINED (__Interrupt86)?ABSOLUTE (__Interrupt86):ABSOLUTE (__DefaultInterrupt)
                  0x0000c2          0x4 LONG 0x2d0 DEFINED (__Interrupt87)?ABSOLUTE (__Interrupt87):ABSOLUTE (__DefaultInterrupt)
                  0x0000c4          0x4 LONG 0x2d0 DEFINED (__Interrupt88)?ABSOLUTE (__Interrupt88):ABSOLUTE (__DefaultInterrupt)
                  0x0000c6          0x4 LONG 0x2d0 DEFINED (__Interrupt89)?ABSOLUTE (__Interrupt89):ABSOLUTE (__DefaultInterrupt)
                  0x0000c8          0x4 LONG 0x2d0 DEFINED (__Interrupt90)?ABSOLUTE (__Interrupt90):ABSOLUTE (__DefaultInterrupt)
                  0x0000ca          0x4 LONG 0x2d0 DEFINED (__Interrupt91)?ABSOLUTE (__Interrupt91):ABSOLUTE (__DefaultInterrupt)
                  0x0000cc          0x4 LONG 0x2d0 DEFINED (__Interrupt92)?ABSOLUTE (__Interrupt92):ABSOLUTE (__DefaultInterrupt)
                  0x0000ce          0x4 LONG 0x2d0 DEFINED (__Interrupt93)?ABSOLUTE (__Interrupt93):ABSOLUTE (__DefaultInterrupt)
                  0x0000d0          0x4 LONG 0x2d0 DEFINED (__Interrupt94)?ABSOLUTE (__Interrupt94):ABSOLUTE (__DefaultInterrupt)
                  0x0000d2          0x4 LONG 0x2d0 DEFINED (__Interrupt95)?ABSOLUTE (__Interrupt95):ABSOLUTE (__DefaultInterrupt)
                  0x0000d4          0x4 LONG 0x2d0 DEFINED (__Interrupt96)?ABSOLUTE (__Interrupt96):ABSOLUTE (__DefaultInterrupt)
                  0x0000d6          0x4 LONG 0x2d0 DEFINED (__Interrupt97)?ABSOLUTE (__Interrupt97):ABSOLUTE (__DefaultInterrupt)
                  0x0000d8          0x4 LONG 0x2d0 DEFINED (__Interrupt98)?ABSOLUTE (__Interrupt98):ABSOLUTE (__DefaultInterrupt)
                  0x0000da          0x4 LONG 0x2d0 DEFINED (__Interrupt99)?ABSOLUTE (__Interrupt99):ABSOLUTE (__DefaultInterrupt)
                  0x0000dc          0x4 LONG 0x2d0 DEFINED (__Interrupt100)?ABSOLUTE (__Interrupt100):ABSOLUTE (__DefaultInterrupt)
                  0x0000de          0x4 LONG 0x2d0 DEFINED (__Interrupt101)?ABSOLUTE (__Interrupt101):ABSOLUTE (__DefaultInterrupt)
                  0x0000e0          0x4 LONG 0x2d0 DEFINED (__Interrupt102)?ABSOLUTE (__Interrupt102):ABSOLUTE (__DefaultInterrupt)
                  0x0000e2          0x4 LONG 0x2d0 DEFINED (__Interrupt103)?ABSOLUTE (__Interrupt103):ABSOLUTE (__DefaultInterrupt)
                  0x0000e4          0x4 LONG 0x2d0 DEFINED (__Interrupt104)?ABSOLUTE (__Interrupt104):ABSOLUTE (__DefaultInterrupt)
                  0x0000e6          0x4 LONG 0x2d0 DEFINED (__Interrupt105)?ABSOLUTE (__Interrupt105):ABSOLUTE (__DefaultInterrupt)
                  0x0000e8          0x4 LONG 0x2d0 DEFINED (__Interrupt106)?ABSOLUTE (__Interrupt106):ABSOLUTE (__DefaultInterrupt)
                  0x0000ea          0x4 LONG 0x2d0 DEFINED (__Interrupt107)?ABSOLUTE (__Interrupt107):ABSOLUTE (__DefaultInterrupt)
                  0x0000ec          0x4 LONG 0x2d0 DEFINED (__Interrupt108)?ABSOLUTE (__Interrupt108):ABSOLUTE (__DefaultInterrupt)
                  0x0000ee          0x4 LONG 0x2d0 DEFINED (__Interrupt109)?ABSOLUTE (__Interrupt109):ABSOLUTE (__DefaultInterrupt)
                  0x0000f0          0x4 LONG 0x2d0 DEFINED (__Interrupt110)?ABSOLUTE (__Interrupt110):ABSOLUTE (__DefaultInterrupt)
                  0x0000f2          0x4 LONG 0x2d0 DEFINED (__Interrupt111)?ABSOLUTE (__Interrupt111):ABSOLUTE (__DefaultInterrupt)
                  0x0000f4          0x4 LONG 0x2d0 DEFINED (__Interrupt112)?ABSOLUTE (__Interrupt112):ABSOLUTE (__DefaultInterrupt)
                  0x0000f6          0x4 LONG 0x2d0 DEFINED (__Interrupt113)?ABSOLUTE (__Interrupt113):ABSOLUTE (__DefaultInterrupt)
                  0x0000f8          0x4 LONG 0x2d0 DEFINED (__Interrupt114)?ABSOLUTE (__Interrupt114):ABSOLUTE (__DefaultInterrupt)
                  0x0000fa          0x4 LONG 0x2d0 DEFINED (__Interrupt115)?ABSOLUTE (__Interrupt115):ABSOLUTE (__DefaultInterrupt)
                  0x0000fc          0x4 LONG 0x2d0 DEFINED (__Interrupt116)?ABSOLUTE (__Interrupt116):ABSOLUTE (__DefaultInterrupt)
                  0x0000fe          0x4 LONG 0x2d0 DEFINED (__Interrupt117)?ABSOLUTE (__Interrupt117):ABSOLUTE (__DefaultInterrupt)

.aivt             0x000104         0xfc
                  0x000104          0x4 LONG 0x2d0 DEFINED (__AltReservedTrap0)?ABSOLUTE (__AltReservedTrap0):DEFINED (__ReservedTrap0)?ABSOLUTE (__ReservedTrap0):ABSOLUTE (__DefaultInterrupt)
                  0x000106          0x4 LONG 0x2d0 DEFINED (__AltOscillatorFail)?ABSOLUTE (__AltOscillatorFail):DEFINED (__OscillatorFail)?ABSOLUTE (__OscillatorFail):ABSOLUTE (__DefaultInterrupt)
                  0x000108          0x4 LONG 0x2d0 DEFINED (__AltAddressError)?ABSOLUTE (__AltAddressError):DEFINED (__AddressError)?ABSOLUTE (__AddressError):ABSOLUTE (__DefaultInterrupt)
                  0x00010a          0x4 LONG 0x2d0 DEFINED (__AltStackError)?ABSOLUTE (__AltStackError):DEFINED (__StackError)?ABSOLUTE (__StackError):ABSOLUTE (__DefaultInterrupt)
                  0x00010c          0x4 LONG 0x2d0 DEFINED (__AltMathError)?ABSOLUTE (__AltMathError):DEFINED (__MathError)?ABSOLUTE (__MathError):ABSOLUTE (__DefaultInterrupt)
                  0x00010e          0x4 LONG 0x2d0 DEFINED (__AltDMACError)?ABSOLUTE (__AltDMACError):DEFINED (__DMACError)?ABSOLUTE (__DMACError):ABSOLUTE (__DefaultInterrupt)
                  0x000110          0x4 LONG 0x2d0 DEFINED (__AltReservedTrap6)?ABSOLUTE (__AltReservedTrap6):DEFINED (__ReservedTrap6)?ABSOLUTE (__ReservedTrap6):ABSOLUTE (__DefaultInterrupt)
                  0x000112          0x4 LONG 0x2d0 DEFINED (__AltReservedTrap7)?ABSOLUTE (__AltReservedTrap7):DEFINED (__ReservedTrap7)?ABSOLUTE (__ReservedTrap7):ABSOLUTE (__DefaultInterrupt)
                  0x000114          0x4 LONG 0x2d0 DEFINED (__AltINT0Interrupt)?ABSOLUTE (__AltINT0Interrupt):DEFINED (__INT0Interrupt)?ABSOLUTE (__INT0Interrupt):ABSOLUTE (__DefaultInterrupt)
                  0x000116          0x4 LONG 0x49d0 DEFINED (__AltIC1Interrupt)?ABSOLUTE (__AltIC1Interrupt):DEFINED (__IC1Interrupt)?ABSOLUTE (__IC1Interrupt):ABSOLUTE (__DefaultInterrupt)
                  0x000118          0x4 LONG 0x2d0 DEFINED (__AltOC1Interrupt)?ABSOLUTE (__AltOC1Interrupt):DEFINED (__OC1Interrupt)?ABSOLUTE (__OC1Interrupt):ABSOLUTE (__DefaultInterrupt)
                  0x00011a          0x4 LONG 0x6274 DEFINED (__AltT1Interrupt)?ABSOLUTE (__AltT1Interrupt):DEFINED (__T1Interrupt)?ABSOLUTE (__T1Interrupt):ABSOLUTE (__DefaultInterrupt)
                  0x00011c          0x4 LONG 0x5724 DEFINED (__AltDMA0Interrupt)?ABSOLUTE (__AltDMA0Interrupt):DEFINED (__DMA0Interrupt)?ABSOLUTE (__DMA0Interrupt):ABSOLUTE (__DefaultInterrupt)
                  0x00011e          0x4 LONG 0x4a20 DEFINED (__AltIC2Interrupt)?ABSOLUTE (__AltIC2Interrupt):DEFINED (__IC2Interrupt)?ABSOLUTE (__IC2Interrupt):ABSOLUTE (__DefaultInterrupt)
                  0x000120          0x4 LONG 0x2d0 DEFINED (__AltOC2Interrupt)?ABSOLUTE (__AltOC2Interrupt):DEFINED (__OC2Interrupt)?ABSOLUTE (__OC2Interrupt):ABSOLUTE (__DefaultInterrupt)
                  0x000122          0x4 LONG 0x2d0 DEFINED (__AltT2Interrupt)?ABSOLUTE (__AltT2Interrupt):DEFINED (__T2Interrupt)?ABSOLUTE (__T2Interrupt):ABSOLUTE (__DefaultInterrupt)
                  0x000124          0x4 LONG 0x2d0 DEFINED (__AltT3Interrupt)?ABSOLUTE (__AltT3Interrupt):DEFINED (__T3Interrupt)?ABSOLUTE (__T3Interrupt):ABSOLUTE (__DefaultInterrupt)
                  0x000126          0x4 LONG 0x2d0 DEFINED (__AltSPI1ErrInterrupt)?ABSOLUTE (__AltSPI1ErrInterrupt):DEFINED (__SPI1ErrInterrupt)?ABSOLUTE (__SPI1ErrInterrupt):ABSOLUTE (__DefaultInterrupt)
                  0x000128          0x4 LONG 0x2d0 DEFINED (__AltSPI1Interrupt)?ABSOLUTE (__AltSPI1Interrupt):DEFINED (__SPI1Interrupt)?ABSOLUTE (__SPI1Interrupt):ABSOLUTE (__DefaultInterrupt)
                  0x00012a          0x4 LONG 0x54e8 DEFINED (__AltU1RXInterrupt)?ABSOLUTE (__AltU1RXInterrupt):DEFINED (__U1RXInterrupt)?ABSOLUTE (__U1RXInterrupt):ABSOLUTE (__DefaultInterrupt)
                  0x00012c          0x4 LONG 0x54b0 DEFINED (__AltU1TXInterrupt)?ABSOLUTE (__AltU1TXInterrupt):DEFINED (__U1TXInterrupt)?ABSOLUTE (__U1TXInterrupt):ABSOLUTE (__DefaultInterrupt)
                  0x00012e          0x4 LONG 0x2d0 DEFINED (__AltADC1Interrupt)?ABSOLUTE (__AltADC1Interrupt):DEFINED (__ADC1Interrupt)?ABSOLUTE (__ADC1Interrupt):ABSOLUTE (__DefaultInterrupt)
                  0x000130          0x4 LONG 0x2d0 DEFINED (__AltDMA1Interrupt)?ABSOLUTE (__AltDMA1Interrupt):DEFINED (__DMA1Interrupt)?ABSOLUTE (__DMA1Interrupt):ABSOLUTE (__DefaultInterrupt)
                  0x000132          0x4 LONG 0x2d0 DEFINED (__AltInterrupt15)?ABSOLUTE (__AltInterrupt15):DEFINED (__Interrupt15)?ABSOLUTE (__Interrupt15):ABSOLUTE (__DefaultInterrupt)
                  0x000134          0x4 LONG 0x2d0 DEFINED (__AltSI2C1Interrupt)?ABSOLUTE (__AltSI2C1Interrupt):DEFINED (__SI2C1Interrupt)?ABSOLUTE (__SI2C1Interrupt):ABSOLUTE (__DefaultInterrupt)
                  0x000136          0x4 LONG 0x2d0 DEFINED (__AltMI2C1Interrupt)?ABSOLUTE (__AltMI2C1Interrupt):DEFINED (__MI2C1Interrupt)?ABSOLUTE (__MI2C1Interrupt):ABSOLUTE (__DefaultInterrupt)
                  0x000138          0x4 LONG 0x2d0 DEFINED (__AltInterrupt18)?ABSOLUTE (__AltInterrupt18):DEFINED (__Interrupt18)?ABSOLUTE (__Interrupt18):ABSOLUTE (__DefaultInterrupt)
                  0x00013a          0x4 LONG 0x2d0 DEFINED (__AltCNInterrupt)?ABSOLUTE (__AltCNInterrupt):DEFINED (__CNInterrupt)?ABSOLUTE (__CNInterrupt):ABSOLUTE (__DefaultInterrupt)
                  0x00013c          0x4 LONG 0x2d0 DEFINED (__AltINT1Interrupt)?ABSOLUTE (__AltINT1Interrupt):DEFINED (__INT1Interrupt)?ABSOLUTE (__INT1Interrupt):ABSOLUTE (__DefaultInterrupt)
                  0x00013e          0x4 LONG 0x2d0 DEFINED (__AltADC2Interrupt)?ABSOLUTE (__AltADC2Interrupt):DEFINED (__ADC2Interrupt)?ABSOLUTE (__ADC2Interrupt):ABSOLUTE (__DefaultInterrupt)
                  0x000140          0x4 LONG 0x4bb0 DEFINED (__AltIC7Interrupt)?ABSOLUTE (__AltIC7Interrupt):DEFINED (__IC7Interrupt)?ABSOLUTE (__IC7Interrupt):ABSOLUTE (__DefaultInterrupt)
                  0x000142          0x4 LONG 0x2d0 DEFINED (__AltIC8Interrupt)?ABSOLUTE (__AltIC8Interrupt):DEFINED (__IC8Interrupt)?ABSOLUTE (__IC8Interrupt):ABSOLUTE (__DefaultInterrupt)
                  0x000144          0x4 LONG 0x2d0 DEFINED (__AltDMA2Interrupt)?ABSOLUTE (__AltDMA2Interrupt):DEFINED (__DMA2Interrupt)?ABSOLUTE (__DMA2Interrupt):ABSOLUTE (__DefaultInterrupt)
                  0x000146          0x4 LONG 0x2d0 DEFINED (__AltOC3Interrupt)?ABSOLUTE (__AltOC3Interrupt):DEFINED (__OC3Interrupt)?ABSOLUTE (__OC3Interrupt):ABSOLUTE (__DefaultInterrupt)
                  0x000148          0x4 LONG 0x2d0 DEFINED (__AltOC4Interrupt)?ABSOLUTE (__AltOC4Interrupt):DEFINED (__OC4Interrupt)?ABSOLUTE (__OC4Interrupt):ABSOLUTE (__DefaultInterrupt)
                  0x00014a          0x4 LONG 0x5d02 DEFINED (__AltT4Interrupt)?ABSOLUTE (__AltT4Interrupt):DEFINED (__T4Interrupt)?ABSOLUTE (__T4Interrupt):ABSOLUTE (__DefaultInterrupt)
                  0x00014c          0x4 LONG 0x629c DEFINED (__AltT5Interrupt)?ABSOLUTE (__AltT5Interrupt):DEFINED (__T5Interrupt)?ABSOLUTE (__T5Interrupt):ABSOLUTE (__DefaultInterrupt)
                  0x00014e          0x4 LONG 0x2d0 DEFINED (__AltINT2Interrupt)?ABSOLUTE (__AltINT2Interrupt):DEFINED (__INT2Interrupt)?ABSOLUTE (__INT2Interrupt):ABSOLUTE (__DefaultInterrupt)
                  0x000150          0x4 LONG 0x561c DEFINED (__AltU2RXInterrupt)?ABSOLUTE (__AltU2RXInterrupt):DEFINED (__U2RXInterrupt)?ABSOLUTE (__U2RXInterrupt):ABSOLUTE (__DefaultInterrupt)
                  0x000152          0x4 LONG 0x55e4 DEFINED (__AltU2TXInterrupt)?ABSOLUTE (__AltU2TXInterrupt):DEFINED (__U2TXInterrupt)?ABSOLUTE (__U2TXInterrupt):ABSOLUTE (__DefaultInterrupt)
                  0x000154          0x4 LONG 0x2d0 DEFINED (__AltSPI2ErrInterrupt)?ABSOLUTE (__AltSPI2ErrInterrupt):DEFINED (__SPI2ErrInterrupt)?ABSOLUTE (__SPI2ErrInterrupt):ABSOLUTE (__DefaultInterrupt)
                  0x000156          0x4 LONG 0x60d8 DEFINED (__AltSPI2Interrupt)?ABSOLUTE (__AltSPI2Interrupt):DEFINED (__SPI2Interrupt)?ABSOLUTE (__SPI2Interrupt):ABSOLUTE (__DefaultInterrupt)
                  0x000158          0x4 LONG 0x2d0 DEFINED (__AltC1RxRdyInterrupt)?ABSOLUTE (__AltC1RxRdyInterrupt):DEFINED (__C1RxRdyInterrupt)?ABSOLUTE (__C1RxRdyInterrupt):ABSOLUTE (__DefaultInterrupt)
                  0x00015a          0x4 LONG 0x2d0 DEFINED (__AltC1Interrupt)?ABSOLUTE (__AltC1Interrupt):DEFINED (__C1Interrupt)?ABSOLUTE (__C1Interrupt):ABSOLUTE (__DefaultInterrupt)
                  0x00015c          0x4 LONG 0x2d0 DEFINED (__AltDMA3Interrupt)?ABSOLUTE (__AltDMA3Interrupt):DEFINED (__DMA3Interrupt)?ABSOLUTE (__DMA3Interrupt):ABSOLUTE (__DefaultInterrupt)
                  0x00015e          0x4 LONG 0x4a70 DEFINED (__AltIC3Interrupt)?ABSOLUTE (__AltIC3Interrupt):DEFINED (__IC3Interrupt)?ABSOLUTE (__IC3Interrupt):ABSOLUTE (__DefaultInterrupt)
                  0x000160          0x4 LONG 0x4ac0 DEFINED (__AltIC4Interrupt)?ABSOLUTE (__AltIC4Interrupt):DEFINED (__IC4Interrupt)?ABSOLUTE (__IC4Interrupt):ABSOLUTE (__DefaultInterrupt)
                  0x000162          0x4 LONG 0x4b10 DEFINED (__AltIC5Interrupt)?ABSOLUTE (__AltIC5Interrupt):DEFINED (__IC5Interrupt)?ABSOLUTE (__IC5Interrupt):ABSOLUTE (__DefaultInterrupt)
                  0x000164          0x4 LONG 0x4b60 DEFINED (__AltIC6Interrupt)?ABSOLUTE (__AltIC6Interrupt):DEFINED (__IC6Interrupt)?ABSOLUTE (__IC6Interrupt):ABSOLUTE (__DefaultInterrupt)
                  0x000166          0x4 LONG 0x2d0 DEFINED (__AltOC5Interrupt)?ABSOLUTE (__AltOC5Interrupt):DEFINED (__OC5Interrupt)?ABSOLUTE (__OC5Interrupt):ABSOLUTE (__DefaultInterrupt)
                  0x000168          0x4 LONG 0x2d0 DEFINED (__AltOC6Interrupt)?ABSOLUTE (__AltOC6Interrupt):DEFINED (__OC6Interrupt)?ABSOLUTE (__OC6Interrupt):ABSOLUTE (__DefaultInterrupt)
                  0x00016a          0x4 LONG 0x2d0 DEFINED (__AltOC7Interrupt)?ABSOLUTE (__AltOC7Interrupt):DEFINED (__OC7Interrupt)?ABSOLUTE (__OC7Interrupt):ABSOLUTE (__DefaultInterrupt)
                  0x00016c          0x4 LONG 0x2d0 DEFINED (__AltOC8Interrupt)?ABSOLUTE (__AltOC8Interrupt):DEFINED (__OC8Interrupt)?ABSOLUTE (__OC8Interrupt):ABSOLUTE (__DefaultInterrupt)
                  0x00016e          0x4 LONG 0x2d0 DEFINED (__AltInterrupt45)?ABSOLUTE (__AltInterrupt45):DEFINED (__Interrupt45)?ABSOLUTE (__Interrupt45):ABSOLUTE (__DefaultInterrupt)
                  0x000170          0x4 LONG 0x2d0 DEFINED (__AltDMA4Interrupt)?ABSOLUTE (__AltDMA4Interrupt):DEFINED (__DMA4Interrupt)?ABSOLUTE (__DMA4Interrupt):ABSOLUTE (__DefaultInterrupt)
                  0x000172          0x4 LONG 0x62ba DEFINED (__AltT6Interrupt)?ABSOLUTE (__AltT6Interrupt):DEFINED (__T6Interrupt)?ABSOLUTE (__T6Interrupt):ABSOLUTE (__DefaultInterrupt)
                  0x000174          0x4 LONG 0x62f8 DEFINED (__AltT7Interrupt)?ABSOLUTE (__AltT7Interrupt):DEFINED (__T7Interrupt)?ABSOLUTE (__T7Interrupt):ABSOLUTE (__DefaultInterrupt)
                  0x000176          0x4 LONG 0x2d0 DEFINED (__AltSI2C2Interrupt)?ABSOLUTE (__AltSI2C2Interrupt):DEFINED (__SI2C2Interrupt)?ABSOLUTE (__SI2C2Interrupt):ABSOLUTE (__DefaultInterrupt)
                  0x000178          0x4 LONG 0x2d0 DEFINED (__AltMI2C2Interrupt)?ABSOLUTE (__AltMI2C2Interrupt):DEFINED (__MI2C2Interrupt)?ABSOLUTE (__MI2C2Interrupt):ABSOLUTE (__DefaultInterrupt)
                  0x00017a          0x4 LONG 0x2d0 DEFINED (__AltT8Interrupt)?ABSOLUTE (__AltT8Interrupt):DEFINED (__T8Interrupt)?ABSOLUTE (__T8Interrupt):ABSOLUTE (__DefaultInterrupt)
                  0x00017c          0x4 LONG 0x2d0 DEFINED (__AltT9Interrupt)?ABSOLUTE (__AltT9Interrupt):DEFINED (__T9Interrupt)?ABSOLUTE (__T9Interrupt):ABSOLUTE (__DefaultInterrupt)
                  0x00017e          0x4 LONG 0x64de DEFINED (__AltINT3Interrupt)?ABSOLUTE (__AltINT3Interrupt):DEFINED (__INT3Interrupt)?ABSOLUTE (__INT3Interrupt):ABSOLUTE (__DefaultInterrupt)
                  0x000180          0x4 LONG 0x2d0 DEFINED (__AltINT4Interrupt)?ABSOLUTE (__AltINT4Interrupt):DEFINED (__INT4Interrupt)?ABSOLUTE (__INT4Interrupt):ABSOLUTE (__DefaultInterrupt)
                  0x000182          0x4 LONG 0x2d0 DEFINED (__AltC2RxRdyInterrupt)?ABSOLUTE (__AltC2RxRdyInterrupt):DEFINED (__C2RxRdyInterrupt)?ABSOLUTE (__C2RxRdyInterrupt):ABSOLUTE (__DefaultInterrupt)
                  0x000184          0x4 LONG 0x2d0 DEFINED (__AltC2Interrupt)?ABSOLUTE (__AltC2Interrupt):DEFINED (__C2Interrupt)?ABSOLUTE (__C2Interrupt):ABSOLUTE (__DefaultInterrupt)
                  0x000186          0x4 LONG 0x2d0 DEFINED (__AltInterrupt57)?ABSOLUTE (__AltInterrupt57):DEFINED (__Interrupt57)?ABSOLUTE (__Interrupt57):ABSOLUTE (__DefaultInterrupt)
                  0x000188          0x4 LONG 0x2d0 DEFINED (__AltInterrupt58)?ABSOLUTE (__AltInterrupt58):DEFINED (__Interrupt58)?ABSOLUTE (__Interrupt58):ABSOLUTE (__DefaultInterrupt)
                  0x00018a          0x4 LONG 0x2d0 DEFINED (__AltDCIErrInterrupt)?ABSOLUTE (__AltDCIErrInterrupt):DEFINED (__DCIErrInterrupt)?ABSOLUTE (__DCIErrInterrupt):ABSOLUTE (__DefaultInterrupt)
                  0x00018c          0x4 LONG 0x2d0 DEFINED (__AltDCIInterrupt)?ABSOLUTE (__AltDCIInterrupt):DEFINED (__DCIInterrupt)?ABSOLUTE (__DCIInterrupt):ABSOLUTE (__DefaultInterrupt)
                  0x00018e          0x4 LONG 0x2d0 DEFINED (__AltDMA5Interrupt)?ABSOLUTE (__AltDMA5Interrupt):DEFINED (__DMA5Interrupt)?ABSOLUTE (__DMA5Interrupt):ABSOLUTE (__DefaultInterrupt)
                  0x000190          0x4 LONG 0x2d0 DEFINED (__AltInterrupt62)?ABSOLUTE (__AltInterrupt62):DEFINED (__Interrupt62)?ABSOLUTE (__Interrupt62):ABSOLUTE (__DefaultInterrupt)
                  0x000192          0x4 LONG 0x2d0 DEFINED (__AltInterrupt63)?ABSOLUTE (__AltInterrupt63):DEFINED (__Interrupt63)?ABSOLUTE (__Interrupt63):ABSOLUTE (__DefaultInterrupt)
                  0x000194          0x4 LONG 0x2d0 DEFINED (__AltInterrupt64)?ABSOLUTE (__AltInterrupt64):DEFINED (__Interrupt64)?ABSOLUTE (__Interrupt64):ABSOLUTE (__DefaultInterrupt)
                  0x000196          0x4 LONG 0x2d0 DEFINED (__AltU1ErrInterrupt)?ABSOLUTE (__AltU1ErrInterrupt):DEFINED (__U1ErrInterrupt)?ABSOLUTE (__U1ErrInterrupt):ABSOLUTE (__DefaultInterrupt)
                  0x000198          0x4 LONG 0x2d0 DEFINED (__AltU2ErrInterrupt)?ABSOLUTE (__AltU2ErrInterrupt):DEFINED (__U2ErrInterrupt)?ABSOLUTE (__U2ErrInterrupt):ABSOLUTE (__DefaultInterrupt)
                  0x00019a          0x4 LONG 0x2d0 DEFINED (__AltInterrupt67)?ABSOLUTE (__AltInterrupt67):DEFINED (__Interrupt67)?ABSOLUTE (__Interrupt67):ABSOLUTE (__DefaultInterrupt)
                  0x00019c          0x4 LONG 0x2d0 DEFINED (__AltDMA6Interrupt)?ABSOLUTE (__AltDMA6Interrupt):DEFINED (__DMA6Interrupt)?ABSOLUTE (__DMA6Interrupt):ABSOLUTE (__DefaultInterrupt)
                  0x00019e          0x4 LONG 0x2d0 DEFINED (__AltDMA7Interrupt)?ABSOLUTE (__AltDMA7Interrupt):DEFINED (__DMA7Interrupt)?ABSOLUTE (__DMA7Interrupt):ABSOLUTE (__DefaultInterrupt)
                  0x0001a0          0x4 LONG 0x2d0 DEFINED (__AltC1TxReqInterrupt)?ABSOLUTE (__AltC1TxReqInterrupt):DEFINED (__C1TxReqInterrupt)?ABSOLUTE (__C1TxReqInterrupt):ABSOLUTE (__DefaultInterrupt)
                  0x0001a2          0x4 LONG 0x2d0 DEFINED (__AltC2TxReqInterrupt)?ABSOLUTE (__AltC2TxReqInterrupt):DEFINED (__C2TxReqInterrupt)?ABSOLUTE (__C2TxReqInterrupt):ABSOLUTE (__DefaultInterrupt)
                  0x0001a4          0x4 LONG 0x2d0 DEFINED (__AltInterrupt72)?ABSOLUTE (__AltInterrupt72):DEFINED (__Interrupt72)?ABSOLUTE (__Interrupt72):ABSOLUTE (__DefaultInterrupt)
                  0x0001a6          0x4 LONG 0x2d0 DEFINED (__AltInterrupt73)?ABSOLUTE (__AltInterrupt73):DEFINED (__Interrupt73)?ABSOLUTE (__Interrupt73):ABSOLUTE (__DefaultInterrupt)
                  0x0001a8          0x4 LONG 0x2d0 DEFINED (__AltInterrupt74)?ABSOLUTE (__AltInterrupt74):DEFINED (__Interrupt74)?ABSOLUTE (__Interrupt74):ABSOLUTE (__DefaultInterrupt)
                  0x0001aa          0x4 LONG 0x2d0 DEFINED (__AltInterrupt75)?ABSOLUTE (__AltInterrupt75):DEFINED (__Interrupt75)?ABSOLUTE (__Interrupt75):ABSOLUTE (__DefaultInterrupt)
                  0x0001ac          0x4 LONG 0x2d0 DEFINED (__AltInterrupt76)?ABSOLUTE (__AltInterrupt76):DEFINED (__Interrupt76)?ABSOLUTE (__Interrupt76):ABSOLUTE (__DefaultInterrupt)
                  0x0001ae          0x4 LONG 0x2d0 DEFINED (__AltInterrupt77)?ABSOLUTE (__AltInterrupt77):DEFINED (__Interrupt77)?ABSOLUTE (__Interrupt77):ABSOLUTE (__DefaultInterrupt)
                  0x0001b0          0x4 LONG 0x2d0 DEFINED (__AltInterrupt78)?ABSOLUTE (__AltInterrupt78):DEFINED (__Interrupt78)?ABSOLUTE (__Interrupt78):ABSOLUTE (__DefaultInterrupt)
                  0x0001b2          0x4 LONG 0x2d0 DEFINED (__AltInterrupt79)?ABSOLUTE (__AltInterrupt79):DEFINED (__Interrupt79)?ABSOLUTE (__Interrupt79):ABSOLUTE (__DefaultInterrupt)
                  0x0001b4          0x4 LONG 0x2d0 DEFINED (__AltInterrupt80)?ABSOLUTE (__AltInterrupt80):DEFINED (__Interrupt80)?ABSOLUTE (__Interrupt80):ABSOLUTE (__DefaultInterrupt)
                  0x0001b6          0x4 LONG 0x2d0 DEFINED (__AltInterrupt81)?ABSOLUTE (__AltInterrupt81):DEFINED (__Interrupt81)?ABSOLUTE (__Interrupt81):ABSOLUTE (__DefaultInterrupt)
                  0x0001b8          0x4 LONG 0x2d0 DEFINED (__AltInterrupt82)?ABSOLUTE (__AltInterrupt82):DEFINED (__Interrupt82)?ABSOLUTE (__Interrupt82):ABSOLUTE (__DefaultInterrupt)
                  0x0001ba          0x4 LONG 0x2d0 DEFINED (__AltInterrupt83)?ABSOLUTE (__AltInterrupt83):DEFINED (__Interrupt83)?ABSOLUTE (__Interrupt83):ABSOLUTE (__DefaultInterrupt)
                  0x0001bc          0x4 LONG 0x2d0 DEFINED (__AltInterrupt84)?ABSOLUTE (__AltInterrupt84):DEFINED (__Interrupt84)?ABSOLUTE (__Interrupt84):ABSOLUTE (__DefaultInterrupt)
                  0x0001be          0x4 LONG 0x2d0 DEFINED (__AltInterrupt85)?ABSOLUTE (__AltInterrupt85):DEFINED (__Interrupt85)?ABSOLUTE (__Interrupt85):ABSOLUTE (__DefaultInterrupt)
                  0x0001c0          0x4 LONG 0x2d0 DEFINED (__AltInterrupt86)?ABSOLUTE (__AltInterrupt86):DEFINED (__Interrupt86)?ABSOLUTE (__Interrupt86):ABSOLUTE (__DefaultInterrupt)
                  0x0001c2          0x4 LONG 0x2d0 DEFINED (__AltInterrupt87)?ABSOLUTE (__AltInterrupt87):DEFINED (__Interrupt87)?ABSOLUTE (__Interrupt87):ABSOLUTE (__DefaultInterrupt)
                  0x0001c4          0x4 LONG 0x2d0 DEFINED (__AltInterrupt88)?ABSOLUTE (__AltInterrupt88):DEFINED (__Interrupt88)?ABSOLUTE (__Interrupt88):ABSOLUTE (__DefaultInterrupt)
                  0x0001c6          0x4 LONG 0x2d0 DEFINED (__AltInterrupt89)?ABSOLUTE (__AltInterrupt89):DEFINED (__Interrupt89)?ABSOLUTE (__Interrupt89):ABSOLUTE (__DefaultInterrupt)
                  0x0001c8          0x4 LONG 0x2d0 DEFINED (__AltInterrupt90)?ABSOLUTE (__AltInterrupt90):DEFINED (__Interrupt90)?ABSOLUTE (__Interrupt90):ABSOLUTE (__DefaultInterrupt)
                  0x0001ca          0x4 LONG 0x2d0 DEFINED (__AltInterrupt91)?ABSOLUTE (__AltInterrupt91):DEFINED (__Interrupt91)?ABSOLUTE (__Interrupt91):ABSOLUTE (__DefaultInterrupt)
                  0x0001cc          0x4 LONG 0x2d0 DEFINED (__AltInterrupt92)?ABSOLUTE (__AltInterrupt92):DEFINED (__Interrupt92)?ABSOLUTE (__Interrupt92):ABSOLUTE (__DefaultInterrupt)
                  0x0001ce          0x4 LONG 0x2d0 DEFINED (__AltInterrupt93)?ABSOLUTE (__AltInterrupt93):DEFINED (__Interrupt93)?ABSOLUTE (__Interrupt93):ABSOLUTE (__DefaultInterrupt)
                  0x0001d0          0x4 LONG 0x2d0 DEFINED (__AltInterrupt94)?ABSOLUTE (__AltInterrupt94):DEFINED (__Interrupt94)?ABSOLUTE (__Interrupt94):ABSOLUTE (__DefaultInterrupt)
                  0x0001d2          0x4 LONG 0x2d0 DEFINED (__AltInterrupt95)?ABSOLUTE (__AltInterrupt95):DEFINED (__Interrupt95)?ABSOLUTE (__Interrupt95):ABSOLUTE (__DefaultInterrupt)
                  0x0001d4          0x4 LONG 0x2d0 DEFINED (__AltInterrupt96)?ABSOLUTE (__AltInterrupt96):DEFINED (__Interrupt96)?ABSOLUTE (__Interrupt96):ABSOLUTE (__DefaultInterrupt)
                  0x0001d6          0x4 LONG 0x2d0 DEFINED (__AltInterrupt97)?ABSOLUTE (__AltInterrupt97):DEFINED (__Interrupt97)?ABSOLUTE (__Interrupt97):ABSOLUTE (__DefaultInterrupt)
                  0x0001d8          0x4 LONG 0x2d0 DEFINED (__AltInterrupt98)?ABSOLUTE (__AltInterrupt98):DEFINED (__Interrupt98)?ABSOLUTE (__Interrupt98):ABSOLUTE (__DefaultInterrupt)
                  0x0001da          0x4 LONG 0x2d0 DEFINED (__AltInterrupt99)?ABSOLUTE (__AltInterrupt99):DEFINED (__Interrupt99)?ABSOLUTE (__Interrupt99):ABSOLUTE (__DefaultInterrupt)
                  0x0001dc          0x4 LONG 0x2d0 DEFINED (__AltInterrupt100)?ABSOLUTE (__AltInterrupt100):DEFINED (__Interrupt100)?ABSOLUTE (__Interrupt100):ABSOLUTE (__DefaultInterrupt)
                  0x0001de          0x4 LONG 0x2d0 DEFINED (__AltInterrupt101)?ABSOLUTE (__AltInterrupt101):DEFINED (__Interrupt101)?ABSOLUTE (__Interrupt101):ABSOLUTE (__DefaultInterrupt)
                  0x0001e0          0x4 LONG 0x2d0 DEFINED (__AltInterrupt102)?ABSOLUTE (__AltInterrupt102):DEFINED (__Interrupt102)?ABSOLUTE (__Interrupt102):ABSOLUTE (__DefaultInterrupt)
                  0x0001e2          0x4 LONG 0x2d0 DEFINED (__AltInterrupt103)?ABSOLUTE (__AltInterrupt103):DEFINED (__Interrupt103)?ABSOLUTE (__Interrupt103):ABSOLUTE (__DefaultInterrupt)
                  0x0001e4          0x4 LONG 0x2d0 DEFINED (__AltInterrupt104)?ABSOLUTE (__AltInterrupt104):DEFINED (__Interrupt104)?ABSOLUTE (__Interrupt104):ABSOLUTE (__DefaultInterrupt)
                  0x0001e6          0x4 LONG 0x2d0 DEFINED (__AltInterrupt105)?ABSOLUTE (__AltInterrupt105):DEFINED (__Interrupt105)?ABSOLUTE (__Interrupt105):ABSOLUTE (__DefaultInterrupt)
                  0x0001e8          0x4 LONG 0x2d0 DEFINED (__AltInterrupt106)?ABSOLUTE (__AltInterrupt106):DEFINED (__Interrupt106)?ABSOLUTE (__Interrupt106):ABSOLUTE (__DefaultInterrupt)
                  0x0001ea          0x4 LONG 0x2d0 DEFINED (__AltInterrupt107)?ABSOLUTE (__AltInterrupt107):DEFINED (__Interrupt107)?ABSOLUTE (__Interrupt107):ABSOLUTE (__DefaultInterrupt)
                  0x0001ec          0x4 LONG 0x2d0 DEFINED (__AltInterrupt108)?ABSOLUTE (__AltInterrupt108):DEFINED (__Interrupt108)?ABSOLUTE (__Interrupt108):ABSOLUTE (__DefaultInterrupt)
                  0x0001ee          0x4 LONG 0x2d0 DEFINED (__AltInterrupt109)?ABSOLUTE (__AltInterrupt109):DEFINED (__Interrupt109)?ABSOLUTE (__Interrupt109):ABSOLUTE (__DefaultInterrupt)
                  0x0001f0          0x4 LONG 0x2d0 DEFINED (__AltInterrupt110)?ABSOLUTE (__AltInterrupt110):DEFINED (__Interrupt110)?ABSOLUTE (__Interrupt110):ABSOLUTE (__DefaultInterrupt)
                  0x0001f2          0x4 LONG 0x2d0 DEFINED (__AltInterrupt111)?ABSOLUTE (__AltInterrupt111):DEFINED (__Interrupt111)?ABSOLUTE (__Interrupt111):ABSOLUTE (__DefaultInterrupt)
                  0x0001f4          0x4 LONG 0x2d0 DEFINED (__AltInterrupt112)?ABSOLUTE (__AltInterrupt112):DEFINED (__Interrupt112)?ABSOLUTE (__Interrupt112):ABSOLUTE (__DefaultInterrupt)
                  0x0001f6          0x4 LONG 0x2d0 DEFINED (__AltInterrupt113)?ABSOLUTE (__AltInterrupt113):DEFINED (__Interrupt113)?ABSOLUTE (__Interrupt113):ABSOLUTE (__DefaultInterrupt)
                  0x0001f8          0x4 LONG 0x2d0 DEFINED (__AltInterrupt114)?ABSOLUTE (__AltInterrupt114):DEFINED (__Interrupt114)?ABSOLUTE (__Interrupt114):ABSOLUTE (__DefaultInterrupt)
                  0x0001fa          0x4 LONG 0x2d0 DEFINED (__AltInterrupt115)?ABSOLUTE (__AltInterrupt115):DEFINED (__Interrupt115)?ABSOLUTE (__Interrupt115):ABSOLUTE (__DefaultInterrupt)
                  0x0001fc          0x4 LONG 0x2d0 DEFINED (__AltInterrupt116)?ABSOLUTE (__AltInterrupt116):DEFINED (__Interrupt116)?ABSOLUTE (__Interrupt116):ABSOLUTE (__DefaultInterrupt)
                  0x0001fe          0x4 LONG 0x2d0 DEFINED (__AltInterrupt117)?ABSOLUTE (__AltInterrupt117):DEFINED (__Interrupt117)?ABSOLUTE (__Interrupt117):ABSOLUTE (__DefaultInterrupt)
                    0x0000                  WREG0 = 0x0
                    0x0000                  _WREG0 = 0x0
                    0x0002                  WREG1 = 0x2
                    0x0002                  _WREG1 = 0x2
                    0x0004                  WREG2 = 0x4
                    0x0004                  _WREG2 = 0x4
                    0x0006                  WREG3 = 0x6
                    0x0006                  _WREG3 = 0x6
                    0x0008                  WREG4 = 0x8
                    0x0008                  _WREG4 = 0x8
                    0x000a                  WREG5 = 0xa
                    0x000a                  _WREG5 = 0xa
                    0x000c                  WREG6 = 0xc
                    0x000c                  _WREG6 = 0xc
                    0x000e                  WREG7 = 0xe
                    0x000e                  _WREG7 = 0xe
                    0x0010                  WREG8 = 0x10
                    0x0010                  _WREG8 = 0x10
                    0x0012                  WREG9 = 0x12
                    0x0012                  _WREG9 = 0x12
                    0x0014                  WREG10 = 0x14
                    0x0014                  _WREG10 = 0x14
                    0x0016                  WREG11 = 0x16
                    0x0016                  _WREG11 = 0x16
                    0x0018                  WREG12 = 0x18
                    0x0018                  _WREG12 = 0x18
                    0x001a                  WREG13 = 0x1a
                    0x001a                  _WREG13 = 0x1a
                    0x001c                  WREG14 = 0x1c
                    0x001c                  _WREG14 = 0x1c
                    0x001e                  WREG15 = 0x1e
                    0x001e                  _WREG15 = 0x1e
                    0x0020                  SPLIM = 0x20
                    0x0020                  _SPLIM = 0x20
                    0x0022                  ACCAL = 0x22
                    0x0022                  _ACCAL = 0x22
                    0x0024                  ACCAH = 0x24
                    0x0024                  _ACCAH = 0x24
                    0x0026                  ACCAU = 0x26
                    0x0026                  _ACCAU = 0x26
                    0x0028                  ACCBL = 0x28
                    0x0028                  _ACCBL = 0x28
                    0x002a                  ACCBH = 0x2a
                    0x002a                  _ACCBH = 0x2a
                    0x002c                  ACCBU = 0x2c
                    0x002c                  _ACCBU = 0x2c
                    0x002e                  PCL = 0x2e
                    0x002e                  _PCL = 0x2e
                    0x0030                  PCH = 0x30
                    0x0030                  _PCH = 0x30
                    0x0032                  TBLPAG = 0x32
                    0x0032                  _TBLPAG = 0x32
                    0x0034                  PSVPAG = 0x34
                    0x0034                  _PSVPAG = 0x34
                    0x0036                  RCOUNT = 0x36
                    0x0036                  _RCOUNT = 0x36
                    0x0038                  DCOUNT = 0x38
                    0x0038                  _DCOUNT = 0x38